<?xml version="1.0" encoding="UTF-8"?>
<TestRun id="a968184d-ab63-4a45-ae89-0524eaa8396a" name="jverdaasdonk@DEVSERVERJOOST 2009-07-19 12:30:43" runUser="DEVSERVERJOOST\jverdaasdonk" xmlns="http://microsoft.com/schemas/VisualStudio/TeamTest/2006">
  <TestRunConfiguration name="Local Test Run" id="5562d093-2659-4a60-8d31-0b8630ab0b88">
    <Description>This is a default test run configuration for a local test run.</Description>
    <Deployment runDeploymentRoot="C:\Documents and Settings\jverdaasdonk\My Documents\Visual Studio 2008\Projects\MVC.Web\TestResults\jverdaasdonk_DEVSERVERJOOST 2009-07-19 12_30_43">
      <DeploymentItem filename="C:\Documents and Settings\jverdaasdonk\My Documents\Visual Studio 2008\Projects\MVC.Web\MVC.Data\bin\Debug\CS.Data.dll" />
      <DeploymentItem filename="C:\Documents and Settings\jverdaasdonk\My Documents\Visual Studio 2008\Projects\MVC.Web\MVC.Services\bin\Debug\CS.Services.dll" />
      <DeploymentItem filename="C:\Documents and Settings\jverdaasdonk\My Documents\Visual Studio 2008\Projects\MVC.Web\MVC.Web\bin\CS.Web.dll" />
    </Deployment>
    <TestTypeSpecific />
  </TestRunConfiguration>
  <ResultSummary outcome="Failed">
    <Counters total="57" executed="51" passed="48" error="0" failed="3" timeout="0" aborted="0" inconclusive="0" passedButRunAborted="0" notRunnable="0" notExecuted="6" disconnected="0" warning="0" completed="0" inProgress="0" pending="0" />
  </ResultSummary>
  <Times creation="2009-07-19T12:30:43.8741250+02:00" queuing="2009-07-19T12:30:44.6553750+02:00" start="2009-07-19T12:30:44.9522500+02:00" finish="2009-07-19T12:30:47.3897500+02:00" />
  <TestDefinitions>
    <UnitTest name="SqlCategoryRepositoryShouldReturnCategoriesAsQueryable" storage="c:\documents and settings\jverdaasdonk\my documents\visual studio 2008\projects\mvc.web\mvc.integrationtests\bin\debug\cs.integrationtests.dll" id="b261d57a-a0d4-2422-1b4e-7720fd67ae92">
      <Css projectStructure="" iteration="" />
      <Owners>
        <Owner name="" />
      </Owners>
      <Execution id="c4afa23a-51e9-4643-a391-c67edaafc015" />
      <TestMethod codeBase="C:\Documents and Settings\jverdaasdonk\My Documents\Visual Studio 2008\Projects\MVC.Web\MVC.IntegrationTests\bin\Debug\CS.IntegrationTests.dll" adapterTypeName="Microsoft.VisualStudio.TestTools.TestTypes.Unit.UnitTestAdapter, Microsoft.VisualStudio.QualityTools.Tips.UnitTest.Adapter, Version=9.0.0.0, Culture=neutral, PublicKeyToken=b03f5f7f11d50a3a" className="CS.IntegrationTests.SqlCategoryRepositoryTest, CS.IntegrationTests" name="SqlCategoryRepositoryShouldReturnCategoriesAsQueryable" />
    </UnitTest>
    <UnitTest name="SqlCategoryRepositoryAddNewCategoryWithNameCoding" storage="c:\documents and settings\jverdaasdonk\my documents\visual studio 2008\projects\mvc.web\mvc.integrationtests\bin\debug\cs.integrationtests.dll" id="4a78e191-f633-e591-0b49-d70a6e808c66">
      <Css projectStructure="" iteration="" />
      <Owners>
        <Owner name="" />
      </Owners>
      <Execution id="7b989e93-0b87-44d4-a4cd-2cbd2f77c3e3" />
      <TestMethod codeBase="C:\Documents and Settings\jverdaasdonk\My Documents\Visual Studio 2008\Projects\MVC.Web\MVC.IntegrationTests\bin\Debug\CS.IntegrationTests.dll" adapterTypeName="Microsoft.VisualStudio.TestTools.TestTypes.Unit.UnitTestAdapter, Microsoft.VisualStudio.QualityTools.Tips.UnitTest.Adapter, Version=9.0.0.0, Culture=neutral, PublicKeyToken=b03f5f7f11d50a3a" className="CS.IntegrationTests.SqlCategoryRepositoryTest, CS.IntegrationTests" name="SqlCategoryRepositoryAddNewCategoryWithNameCoding" />
    </UnitTest>
    <UnitTest name="LoginGet" storage="c:\documents and settings\jverdaasdonk\my documents\visual studio 2008\projects\mvc.web\mvc.modeltests\bin\debug\cs.tests.dll" id="7e8f3518-2c69-d265-2185-15a0c1f014f0">
      <Css projectStructure="" iteration="" />
      <Owners>
        <Owner name="" />
      </Owners>
      <Execution id="1cd5250b-215b-476e-8797-06cf3593c4b0" />
      <TestMethod codeBase="C:\Documents and Settings\jverdaasdonk\My Documents\Visual Studio 2008\Projects\MVC.Web\MVC.ModelTests\bin\Debug\CS.Tests.dll" adapterTypeName="Microsoft.VisualStudio.TestTools.TestTypes.Unit.UnitTestAdapter, Microsoft.VisualStudio.QualityTools.Tips.UnitTest.Adapter, Version=9.0.0.0, Culture=neutral, PublicKeyToken=b03f5f7f11d50a3a" className="CS.Tests.Controllers.AccountControllerTest, CS.Tests" name="LoginGet" />
    </UnitTest>
    <UnitTest name="LoginPostRedirectsHomeIfLoginSuccessfulButNoReturnUrlGiven" storage="c:\documents and settings\jverdaasdonk\my documents\visual studio 2008\projects\mvc.web\mvc.modeltests\bin\debug\cs.tests.dll" id="1ad314c1-59b3-852f-de5f-f8e3a676b9e3">
      <Css projectStructure="" iteration="" />
      <Owners>
        <Owner name="" />
      </Owners>
      <Execution id="b2fc88a3-e265-4f77-b2ef-53c2ae064e12" />
      <TestMethod codeBase="C:\Documents and Settings\jverdaasdonk\My Documents\Visual Studio 2008\Projects\MVC.Web\MVC.ModelTests\bin\Debug\CS.Tests.dll" adapterTypeName="Microsoft.VisualStudio.TestTools.TestTypes.Unit.UnitTestAdapter, Microsoft.VisualStudio.QualityTools.Tips.UnitTest.Adapter, Version=9.0.0.0, Culture=neutral, PublicKeyToken=b03f5f7f11d50a3a" className="CS.Tests.Controllers.AccountControllerTest, CS.Tests" name="LoginPostRedirectsHomeIfLoginSuccessfulButNoReturnUrlGiven" />
    </UnitTest>
    <UnitTest name="ChangePasswordPostReturnsViewIfNewPasswordDoesNotMatchConfirmPassword" storage="c:\documents and settings\jverdaasdonk\my documents\visual studio 2008\projects\mvc.web\mvc.modeltests\bin\debug\cs.tests.dll" id="8442f306-8128-3412-971c-70892b51e194">
      <Css projectStructure="" iteration="" />
      <Owners>
        <Owner name="" />
      </Owners>
      <Execution id="fcf918a2-b835-4d35-81f0-3c1a9a7dcae2" />
      <TestMethod codeBase="C:\Documents and Settings\jverdaasdonk\My Documents\Visual Studio 2008\Projects\MVC.Web\MVC.ModelTests\bin\Debug\CS.Tests.dll" adapterTypeName="Microsoft.VisualStudio.TestTools.TestTypes.Unit.UnitTestAdapter, Microsoft.VisualStudio.QualityTools.Tips.UnitTest.Adapter, Version=9.0.0.0, Culture=neutral, PublicKeyToken=b03f5f7f11d50a3a" className="CS.Tests.Controllers.AccountControllerTest, CS.Tests" name="ChangePasswordPostReturnsViewIfNewPasswordDoesNotMatchConfirmPassword" />
    </UnitTest>
    <UnitTest name="ProductServiceShouldReturnProductAppels" storage="c:\documents and settings\jverdaasdonk\my documents\visual studio 2008\projects\mvc.web\mvc.integrationtests\bin\debug\cs.integrationtests.dll" id="ecb0caf6-3940-82fe-7f2b-867dcf756056">
      <Css projectStructure="" iteration="" />
      <Owners>
        <Owner name="" />
      </Owners>
      <Execution id="de90ffe2-7dc8-4103-a238-a0a40b673aa7" />
      <TestMethod codeBase="C:\Documents and Settings\jverdaasdonk\My Documents\Visual Studio 2008\Projects\MVC.Web\MVC.IntegrationTests\bin\Debug\CS.IntegrationTests.dll" adapterTypeName="Microsoft.VisualStudio.TestTools.TestTypes.Unit.UnitTestAdapter, Microsoft.VisualStudio.QualityTools.Tips.UnitTest.Adapter, Version=9.0.0.0, Culture=neutral, PublicKeyToken=b03f5f7f11d50a3a" className="CS.IntegrationTests.ProductServiceTest, CS.IntegrationTests" name="ProductServiceShouldReturnProductAppels" />
    </UnitTest>
    <UnitTest name="Index" storage="c:\documents and settings\jverdaasdonk\my documents\visual studio 2008\projects\mvc.web\mvc.modeltests\bin\debug\cs.tests.dll" id="5f22b840-4d2e-d46b-3163-aae92730969b">
      <Css projectStructure="" iteration="" />
      <Owners>
        <Owner name="" />
      </Owners>
      <Execution id="4a5713f3-2dea-4d1a-8f6c-d3a1576cf286" />
      <TestMethod codeBase="C:\Documents and Settings\jverdaasdonk\My Documents\Visual Studio 2008\Projects\MVC.Web\MVC.ModelTests\bin\Debug\CS.Tests.dll" adapterTypeName="Microsoft.VisualStudio.TestTools.TestTypes.Unit.UnitTestAdapter, Microsoft.VisualStudio.QualityTools.Tips.UnitTest.Adapter, Version=9.0.0.0, Culture=neutral, PublicKeyToken=b03f5f7f11d50a3a" className="CS.Tests.Controllers.HomeControllerTest, CS.Tests" name="Index" />
    </UnitTest>
    <UnitTest name="RegisterPostRedirectsHomeIfRegistrationSuccessful" storage="c:\documents and settings\jverdaasdonk\my documents\visual studio 2008\projects\mvc.web\mvc.modeltests\bin\debug\cs.tests.dll" id="49e51016-0746-4d07-091e-7b34e831a581">
      <Css projectStructure="" iteration="" />
      <Owners>
        <Owner name="" />
      </Owners>
      <Execution id="fa9d1219-96c0-432b-966b-6fa7eae21b05" />
      <TestMethod codeBase="C:\Documents and Settings\jverdaasdonk\My Documents\Visual Studio 2008\Projects\MVC.Web\MVC.ModelTests\bin\Debug\CS.Tests.dll" adapterTypeName="Microsoft.VisualStudio.TestTools.TestTypes.Unit.UnitTestAdapter, Microsoft.VisualStudio.QualityTools.Tips.UnitTest.Adapter, Version=9.0.0.0, Culture=neutral, PublicKeyToken=b03f5f7f11d50a3a" className="CS.Tests.Controllers.AccountControllerTest, CS.Tests" name="RegisterPostRedirectsHomeIfRegistrationSuccessful" />
    </UnitTest>
    <UnitTest name="ProductServiceShouldReturnProductOneWithNameAppels" storage="c:\documents and settings\jverdaasdonk\my documents\visual studio 2008\projects\mvc.web\mvc.integrationtests\bin\debug\cs.integrationtests.dll" id="8629383e-befa-3ebd-b68d-effc71224f6b">
      <Css projectStructure="" iteration="" />
      <Owners>
        <Owner name="" />
      </Owners>
      <Execution id="21e47851-7e2c-4c6a-9dc4-49a5295b92ac" />
      <TestMethod codeBase="C:\Documents and Settings\jverdaasdonk\My Documents\Visual Studio 2008\Projects\MVC.Web\MVC.IntegrationTests\bin\Debug\CS.IntegrationTests.dll" adapterTypeName="Microsoft.VisualStudio.TestTools.TestTypes.Unit.UnitTestAdapter, Microsoft.VisualStudio.QualityTools.Tips.UnitTest.Adapter, Version=9.0.0.0, Culture=neutral, PublicKeyToken=b03f5f7f11d50a3a" className="CS.IntegrationTests.ProductServiceTest, CS.IntegrationTests" name="ProductServiceShouldReturnProductOneWithNameAppels" />
    </UnitTest>
    <UnitTest name="SqlProductRepositoryShouldReturnProductsAsQueryable" storage="c:\documents and settings\jverdaasdonk\my documents\visual studio 2008\projects\mvc.web\mvc.integrationtests\bin\debug\cs.integrationtests.dll" id="3b5e9930-4867-8bf6-c93c-a718f9ed6a66">
      <Css projectStructure="" iteration="" />
      <Owners>
        <Owner name="" />
      </Owners>
      <Execution id="8222a581-ceae-45c2-8177-9d35f15b4081" />
      <TestMethod codeBase="C:\Documents and Settings\jverdaasdonk\My Documents\Visual Studio 2008\Projects\MVC.Web\MVC.IntegrationTests\bin\Debug\CS.IntegrationTests.dll" adapterTypeName="Microsoft.VisualStudio.TestTools.TestTypes.Unit.UnitTestAdapter, Microsoft.VisualStudio.QualityTools.Tips.UnitTest.Adapter, Version=9.0.0.0, Culture=neutral, PublicKeyToken=b03f5f7f11d50a3a" className="CS.IntegrationTests.ProductIntegrationTest, CS.IntegrationTests" name="SqlProductRepositoryShouldReturnProductsAsQueryable" />
    </UnitTest>
    <UnitTest name="LoginPostRedirectsToReturnUrlIfLoginSuccessfulAndReturnUrlGiven" storage="c:\documents and settings\jverdaasdonk\my documents\visual studio 2008\projects\mvc.web\mvc.modeltests\bin\debug\cs.tests.dll" id="73ddf029-113d-8939-b5cf-eee4a6eb0db0">
      <Css projectStructure="" iteration="" />
      <Owners>
        <Owner name="" />
      </Owners>
      <Execution id="784b0eac-ad96-4281-9853-20e476b3cd4a" />
      <TestMethod codeBase="C:\Documents and Settings\jverdaasdonk\My Documents\Visual Studio 2008\Projects\MVC.Web\MVC.ModelTests\bin\Debug\CS.Tests.dll" adapterTypeName="Microsoft.VisualStudio.TestTools.TestTypes.Unit.UnitTestAdapter, Microsoft.VisualStudio.QualityTools.Tips.UnitTest.Adapter, Version=9.0.0.0, Culture=neutral, PublicKeyToken=b03f5f7f11d50a3a" className="CS.Tests.Controllers.AccountControllerTest, CS.Tests" name="LoginPostRedirectsToReturnUrlIfLoginSuccessfulAndReturnUrlGiven" />
    </UnitTest>
    <UnitTest name="ChangePasswordPostRedirectsOnSuccess" storage="c:\documents and settings\jverdaasdonk\my documents\visual studio 2008\projects\mvc.web\mvc.modeltests\bin\debug\cs.tests.dll" id="3021dec6-4654-5112-7d5a-f1ea5df5b08a">
      <Css projectStructure="" iteration="" />
      <Owners>
        <Owner name="" />
      </Owners>
      <Execution id="54716dd9-6291-4643-b9c7-db97567e1ede" />
      <TestMethod codeBase="C:\Documents and Settings\jverdaasdonk\My Documents\Visual Studio 2008\Projects\MVC.Web\MVC.ModelTests\bin\Debug\CS.Tests.dll" adapterTypeName="Microsoft.VisualStudio.TestTools.TestTypes.Unit.UnitTestAdapter, Microsoft.VisualStudio.QualityTools.Tips.UnitTest.Adapter, Version=9.0.0.0, Culture=neutral, PublicKeyToken=b03f5f7f11d50a3a" className="CS.Tests.Controllers.AccountControllerTest, CS.Tests" name="ChangePasswordPostRedirectsOnSuccess" />
    </UnitTest>
    <UnitTest name="ProductServiceShouldReturnSixProducts" storage="c:\documents and settings\jverdaasdonk\my documents\visual studio 2008\projects\mvc.web\mvc.integrationtests\bin\debug\cs.integrationtests.dll" id="e68d1464-fcf8-7402-6098-3a2400796d66">
      <Css projectStructure="" iteration="" />
      <Owners>
        <Owner name="" />
      </Owners>
      <Execution id="ab6496bf-0f26-4d6a-84c2-737c6b5b9a0e" />
      <TestMethod codeBase="C:\Documents and Settings\jverdaasdonk\My Documents\Visual Studio 2008\Projects\MVC.Web\MVC.IntegrationTests\bin\Debug\CS.IntegrationTests.dll" adapterTypeName="Microsoft.VisualStudio.TestTools.TestTypes.Unit.UnitTestAdapter, Microsoft.VisualStudio.QualityTools.Tips.UnitTest.Adapter, Version=9.0.0.0, Culture=neutral, PublicKeyToken=b03f5f7f11d50a3a" className="CS.IntegrationTests.ProductServiceTest, CS.IntegrationTests" name="ProductServiceShouldReturnSixProducts" />
    </UnitTest>
    <OrderedTest name="Category" storage="c:\documents and settings\jverdaasdonk\my documents\visual studio 2008\projects\mvc.web\mvc.integrationtests\category.orderedtest" id="54597ad9-2fdc-4be0-94dc-44d1f37511f4">
      <Css projectStructure="" iteration="" />
      <Execution timeOut="2147483647" id="5dc9248d-6b82-4653-a73e-d6d6e6b78ce5" />
      <Owners>
        <Owner name="" />
      </Owners>
      <TestLinks>
        <TestLink id="d251235d-3f9a-02dd-b058-93859f63f687" name="CategoryFruitsShouldReturnFiveProducts" storage="bin\debug\cs.integrationtests.dll" type="Microsoft.VisualStudio.TestTools.TestTypes.Unit.UnitTestElement, Microsoft.VisualStudio.QualityTools.Tips.UnitTest.ObjectModel,   PublicKeyToken=b03f5f7f11d50a3a" />
        <TestLink id="3b352e0d-4fd7-d071-a055-c45c5efa12fe" name="CategoryServiceShouldReturnCategoryFruits" storage="bin\debug\cs.integrationtests.dll" type="Microsoft.VisualStudio.TestTools.TestTypes.Unit.UnitTestElement, Microsoft.VisualStudio.QualityTools.Tips.UnitTest.ObjectModel,   PublicKeyToken=b03f5f7f11d50a3a" />
        <TestLink id="9760d0ce-fa54-5ecd-9a14-9a259f5f5ce4" name="CategoryServiceShouldReturnCategoryOneWithNameFruits" storage="bin\debug\cs.integrationtests.dll" type="Microsoft.VisualStudio.TestTools.TestTypes.Unit.UnitTestElement, Microsoft.VisualStudio.QualityTools.Tips.UnitTest.ObjectModel,   PublicKeyToken=b03f5f7f11d50a3a" />
        <TestLink id="e78564fb-ad67-794b-9f2f-8919b5b0c716" name="CategoryServiceShouldReturnTwoCategories" storage="bin\debug\cs.integrationtests.dll" type="Microsoft.VisualStudio.TestTools.TestTypes.Unit.UnitTestElement, Microsoft.VisualStudio.QualityTools.Tips.UnitTest.ObjectModel,   PublicKeyToken=b03f5f7f11d50a3a" />
        <TestLink id="229b5f71-1814-2275-1196-c301c12dee14" name="SqlCategoryReposistoryShoulReturnThreeCategories" storage="bin\debug\cs.integrationtests.dll" type="Microsoft.VisualStudio.TestTools.TestTypes.Unit.UnitTestElement, Microsoft.VisualStudio.QualityTools.Tips.UnitTest.ObjectModel,   PublicKeyToken=b03f5f7f11d50a3a" />
        <TestLink id="b261d57a-a0d4-2422-1b4e-7720fd67ae92" name="SqlCategoryRepositoryShouldReturnCategoriesAsQueryable" storage="bin\debug\cs.integrationtests.dll" type="Microsoft.VisualStudio.TestTools.TestTypes.Unit.UnitTestElement, Microsoft.VisualStudio.QualityTools.Tips.UnitTest.ObjectModel,   PublicKeyToken=b03f5f7f11d50a3a" />
        <TestLink id="ce2696e7-06d2-a9a6-86a0-8d39eab0b37a" name="SqlCategoryRepositoryShouldReturnFiveProductsForCategoryOne" storage="bin\debug\cs.integrationtests.dll" type="Microsoft.VisualStudio.TestTools.TestTypes.Unit.UnitTestElement, Microsoft.VisualStudio.QualityTools.Tips.UnitTest.ObjectModel,   PublicKeyToken=b03f5f7f11d50a3a" />
        <TestLink id="4a78e191-f633-e591-0b49-d70a6e808c66" name="SqlCategoryRepositoryAddNewCategoryWithNameCoding" storage="bin\debug\cs.integrationtests.dll" type="Microsoft.VisualStudio.TestTools.TestTypes.Unit.UnitTestElement, Microsoft.VisualStudio.QualityTools.Tips.UnitTest.ObjectModel,   PublicKeyToken=b03f5f7f11d50a3a" />
        <TestLink id="fde40969-348d-88b5-11bb-a059e4f6d432" name="SqlCategoryRepositoryDeleteNewCategoryWithNameCoding" storage="bin\debug\cs.integrationtests.dll" type="Microsoft.VisualStudio.TestTools.TestTypes.Unit.UnitTestElement, Microsoft.VisualStudio.QualityTools.Tips.UnitTest.ObjectModel,   PublicKeyToken=b03f5f7f11d50a3a" />
        <TestLink id="f1a7b245-9cb6-857c-99d2-1a0550f76361" name="CategoryServiceAddCategoryWithNameServiceTest" storage="bin\debug\cs.integrationtests.dll" type="Microsoft.VisualStudio.TestTools.TestTypes.Unit.UnitTestElement, Microsoft.VisualStudio.QualityTools.Tips.UnitTest.ObjectModel,   PublicKeyToken=b03f5f7f11d50a3a" />
        <TestLink id="3b0824dc-1a26-39d5-191c-c876715c95bc" name="CategoryServiceDeleteCategoryWithNameServiceTest" storage="bin\debug\cs.integrationtests.dll" type="Microsoft.VisualStudio.TestTools.TestTypes.Unit.UnitTestElement, Microsoft.VisualStudio.QualityTools.Tips.UnitTest.ObjectModel,   PublicKeyToken=b03f5f7f11d50a3a" />
      </TestLinks>
    </OrderedTest>
    <UnitTest name="SqlProductRepositoryProductOneShouldHaveNameAppels" storage="c:\documents and settings\jverdaasdonk\my documents\visual studio 2008\projects\mvc.web\mvc.integrationtests\bin\debug\cs.integrationtests.dll" id="d6f8995f-62af-6c1c-217a-ec8c4a792499">
      <Css projectStructure="" iteration="" />
      <Owners>
        <Owner name="" />
      </Owners>
      <Execution id="aad24947-c6d5-4f75-ac2e-7ade59996f78" />
      <TestMethod codeBase="C:\Documents and Settings\jverdaasdonk\My Documents\Visual Studio 2008\Projects\MVC.Web\MVC.IntegrationTests\bin\Debug\CS.IntegrationTests.dll" adapterTypeName="Microsoft.VisualStudio.TestTools.TestTypes.Unit.UnitTestAdapter, Microsoft.VisualStudio.QualityTools.Tips.UnitTest.Adapter, Version=9.0.0.0, Culture=neutral, PublicKeyToken=b03f5f7f11d50a3a" className="CS.IntegrationTests.ProductIntegrationTest, CS.IntegrationTests" name="SqlProductRepositoryProductOneShouldHaveNameAppels" />
    </UnitTest>
    <UnitTest name="ChangePasswordGetReturnsView" storage="c:\documents and settings\jverdaasdonk\my documents\visual studio 2008\projects\mvc.web\mvc.modeltests\bin\debug\cs.tests.dll" id="2782f7cb-2688-f28b-b2f4-07afb50de0be">
      <Css projectStructure="" iteration="" />
      <Owners>
        <Owner name="" />
      </Owners>
      <Execution id="d8c2e692-eca4-4459-824f-c9b087a9b96e" />
      <TestMethod codeBase="C:\Documents and Settings\jverdaasdonk\My Documents\Visual Studio 2008\Projects\MVC.Web\MVC.ModelTests\bin\Debug\CS.Tests.dll" adapterTypeName="Microsoft.VisualStudio.TestTools.TestTypes.Unit.UnitTestAdapter, Microsoft.VisualStudio.QualityTools.Tips.UnitTest.Adapter, Version=9.0.0.0, Culture=neutral, PublicKeyToken=b03f5f7f11d50a3a" className="CS.Tests.Controllers.AccountControllerTest, CS.Tests" name="ChangePasswordGetReturnsView" />
    </UnitTest>
    <UnitTest name="CategoryServiceShouldReturnCategoryFruits" storage="c:\documents and settings\jverdaasdonk\my documents\visual studio 2008\projects\mvc.web\mvc.integrationtests\bin\debug\cs.integrationtests.dll" id="3b352e0d-4fd7-d071-a055-c45c5efa12fe">
      <Css projectStructure="" iteration="" />
      <Owners>
        <Owner name="" />
      </Owners>
      <Execution id="171a0b4d-5d52-4fa2-b986-c799b500156f" />
      <TestMethod codeBase="C:\Documents and Settings\jverdaasdonk\My Documents\Visual Studio 2008\Projects\MVC.Web\MVC.IntegrationTests\bin\Debug\CS.IntegrationTests.dll" adapterTypeName="Microsoft.VisualStudio.TestTools.TestTypes.Unit.UnitTestAdapter, Microsoft.VisualStudio.QualityTools.Tips.UnitTest.Adapter, Version=9.0.0.0, Culture=neutral, PublicKeyToken=b03f5f7f11d50a3a" className="CS.IntegrationTests.CategoryServiceTest, CS.IntegrationTests" name="CategoryServiceShouldReturnCategoryFruits" />
    </UnitTest>
    <UnitTest name="CategoryServiceAddCategoryWithNameServiceTest" storage="c:\documents and settings\jverdaasdonk\my documents\visual studio 2008\projects\mvc.web\mvc.integrationtests\bin\debug\cs.integrationtests.dll" id="f1a7b245-9cb6-857c-99d2-1a0550f76361">
      <Css projectStructure="" iteration="" />
      <Owners>
        <Owner name="" />
      </Owners>
      <Execution id="db076426-7dd9-4570-baf6-ee9b7fd89f51" />
      <TestMethod codeBase="C:\Documents and Settings\jverdaasdonk\My Documents\Visual Studio 2008\Projects\MVC.Web\MVC.IntegrationTests\bin\Debug\CS.IntegrationTests.dll" adapterTypeName="Microsoft.VisualStudio.TestTools.TestTypes.Unit.UnitTestAdapter, Microsoft.VisualStudio.QualityTools.Tips.UnitTest.Adapter, Version=9.0.0.0, Culture=neutral, PublicKeyToken=b03f5f7f11d50a3a" className="CS.IntegrationTests.CategoryServiceTest, CS.IntegrationTests" name="CategoryServiceAddCategoryWithNameServiceTest" />
    </UnitTest>
    <UnitTest name="About" storage="c:\documents and settings\jverdaasdonk\my documents\visual studio 2008\projects\mvc.web\mvc.modeltests\bin\debug\cs.tests.dll" id="7bcd167c-f57b-1967-dede-42dd8e2dc771">
      <Css projectStructure="" iteration="" />
      <Owners>
        <Owner name="" />
      </Owners>
      <Execution id="56bdac28-97cc-40d6-a7d8-413bfeb3d321" />
      <TestMethod codeBase="C:\Documents and Settings\jverdaasdonk\My Documents\Visual Studio 2008\Projects\MVC.Web\MVC.ModelTests\bin\Debug\CS.Tests.dll" adapterTypeName="Microsoft.VisualStudio.TestTools.TestTypes.Unit.UnitTestAdapter, Microsoft.VisualStudio.QualityTools.Tips.UnitTest.Adapter, Version=9.0.0.0, Culture=neutral, PublicKeyToken=b03f5f7f11d50a3a" className="CS.Tests.Controllers.HomeControllerTest, CS.Tests" name="About" />
    </UnitTest>
    <UnitTest name="RegisterGet" storage="c:\documents and settings\jverdaasdonk\my documents\visual studio 2008\projects\mvc.web\mvc.modeltests\bin\debug\cs.tests.dll" id="1ec260dc-2306-b499-ba62-f3514f536d28">
      <Css projectStructure="" iteration="" />
      <Owners>
        <Owner name="" />
      </Owners>
      <Execution id="4a1356f1-8ddf-476f-9899-bd91f220096d" />
      <TestMethod codeBase="C:\Documents and Settings\jverdaasdonk\My Documents\Visual Studio 2008\Projects\MVC.Web\MVC.ModelTests\bin\Debug\CS.Tests.dll" adapterTypeName="Microsoft.VisualStudio.TestTools.TestTypes.Unit.UnitTestAdapter, Microsoft.VisualStudio.QualityTools.Tips.UnitTest.Adapter, Version=9.0.0.0, Culture=neutral, PublicKeyToken=b03f5f7f11d50a3a" className="CS.Tests.Controllers.AccountControllerTest, CS.Tests" name="RegisterGet" />
    </UnitTest>
    <UnitTest name="LoginPostReturnsViewIfPasswordNotSpecified" storage="c:\documents and settings\jverdaasdonk\my documents\visual studio 2008\projects\mvc.web\mvc.modeltests\bin\debug\cs.tests.dll" id="cdbd5838-b26b-cb3f-8a29-64dcc50f7dcd">
      <Css projectStructure="" iteration="" />
      <Owners>
        <Owner name="" />
      </Owners>
      <Execution id="a19aa09f-70c1-4982-8e5a-4d3586efc319" />
      <TestMethod codeBase="C:\Documents and Settings\jverdaasdonk\My Documents\Visual Studio 2008\Projects\MVC.Web\MVC.ModelTests\bin\Debug\CS.Tests.dll" adapterTypeName="Microsoft.VisualStudio.TestTools.TestTypes.Unit.UnitTestAdapter, Microsoft.VisualStudio.QualityTools.Tips.UnitTest.Adapter, Version=9.0.0.0, Culture=neutral, PublicKeyToken=b03f5f7f11d50a3a" className="CS.Tests.Controllers.AccountControllerTest, CS.Tests" name="LoginPostReturnsViewIfPasswordNotSpecified" />
    </UnitTest>
    <UnitTest name="ChangePasswordPostReturnsViewIfNewPasswordIsNull" storage="c:\documents and settings\jverdaasdonk\my documents\visual studio 2008\projects\mvc.web\mvc.modeltests\bin\debug\cs.tests.dll" id="b6156d45-7806-ab68-5902-77b694fff85c">
      <Css projectStructure="" iteration="" />
      <Owners>
        <Owner name="" />
      </Owners>
      <Execution id="142b3616-8d47-42ff-828b-a6db174772f0" />
      <TestMethod codeBase="C:\Documents and Settings\jverdaasdonk\My Documents\Visual Studio 2008\Projects\MVC.Web\MVC.ModelTests\bin\Debug\CS.Tests.dll" adapterTypeName="Microsoft.VisualStudio.TestTools.TestTypes.Unit.UnitTestAdapter, Microsoft.VisualStudio.QualityTools.Tips.UnitTest.Adapter, Version=9.0.0.0, Culture=neutral, PublicKeyToken=b03f5f7f11d50a3a" className="CS.Tests.Controllers.AccountControllerTest, CS.Tests" name="ChangePasswordPostReturnsViewIfNewPasswordIsNull" />
    </UnitTest>
    <UnitTest name="ChangePasswordPostReturnsViewIfProviderRejectsPassword" storage="c:\documents and settings\jverdaasdonk\my documents\visual studio 2008\projects\mvc.web\mvc.modeltests\bin\debug\cs.tests.dll" id="b68423dd-e2ee-2ed7-dd16-e926c9bdcacb">
      <Css projectStructure="" iteration="" />
      <Owners>
        <Owner name="" />
      </Owners>
      <Execution id="ee167dbd-acca-4fe0-a2ff-467fcca0f66f" />
      <TestMethod codeBase="C:\Documents and Settings\jverdaasdonk\My Documents\Visual Studio 2008\Projects\MVC.Web\MVC.ModelTests\bin\Debug\CS.Tests.dll" adapterTypeName="Microsoft.VisualStudio.TestTools.TestTypes.Unit.UnitTestAdapter, Microsoft.VisualStudio.QualityTools.Tips.UnitTest.Adapter, Version=9.0.0.0, Culture=neutral, PublicKeyToken=b03f5f7f11d50a3a" className="CS.Tests.Controllers.AccountControllerTest, CS.Tests" name="ChangePasswordPostReturnsViewIfProviderRejectsPassword" />
    </UnitTest>
    <UnitTest name="CategoryServiceDeleteCategoryWithNameServiceTest" storage="c:\documents and settings\jverdaasdonk\my documents\visual studio 2008\projects\mvc.web\mvc.integrationtests\bin\debug\cs.integrationtests.dll" id="3b0824dc-1a26-39d5-191c-c876715c95bc">
      <Css projectStructure="" iteration="" />
      <Owners>
        <Owner name="" />
      </Owners>
      <Execution id="a08fb855-bec3-4879-8894-2057c737b54e" />
      <TestMethod codeBase="C:\Documents and Settings\jverdaasdonk\My Documents\Visual Studio 2008\Projects\MVC.Web\MVC.IntegrationTests\bin\Debug\CS.IntegrationTests.dll" adapterTypeName="Microsoft.VisualStudio.TestTools.TestTypes.Unit.UnitTestAdapter, Microsoft.VisualStudio.QualityTools.Tips.UnitTest.Adapter, Version=9.0.0.0, Culture=neutral, PublicKeyToken=b03f5f7f11d50a3a" className="CS.IntegrationTests.CategoryServiceTest, CS.IntegrationTests" name="CategoryServiceDeleteCategoryWithNameServiceTest" />
    </UnitTest>
    <UnitTest name="CategoryFruitsShouldReturnFiveProducts" storage="c:\documents and settings\jverdaasdonk\my documents\visual studio 2008\projects\mvc.web\mvc.integrationtests\bin\debug\cs.integrationtests.dll" id="d251235d-3f9a-02dd-b058-93859f63f687">
      <Css projectStructure="" iteration="" />
      <Owners>
        <Owner name="" />
      </Owners>
      <Execution id="06ec9bd2-2e6c-464a-9e50-280435066f58" />
      <TestMethod codeBase="C:\Documents and Settings\jverdaasdonk\My Documents\Visual Studio 2008\Projects\MVC.Web\MVC.IntegrationTests\bin\Debug\CS.IntegrationTests.dll" adapterTypeName="Microsoft.VisualStudio.TestTools.TestTypes.Unit.UnitTestAdapter, Microsoft.VisualStudio.QualityTools.Tips.UnitTest.Adapter, Version=9.0.0.0, Culture=neutral, PublicKeyToken=b03f5f7f11d50a3a" className="CS.IntegrationTests.CategoryServiceTest, CS.IntegrationTests" name="CategoryFruitsShouldReturnFiveProducts" />
    </UnitTest>
    <UnitTest name="SqlCategoryReposistoryShoulReturnThreeCategories" storage="c:\documents and settings\jverdaasdonk\my documents\visual studio 2008\projects\mvc.web\mvc.integrationtests\bin\debug\cs.integrationtests.dll" id="229b5f71-1814-2275-1196-c301c12dee14">
      <Css projectStructure="" iteration="" />
      <Owners>
        <Owner name="" />
      </Owners>
      <Execution id="b485cf93-bb66-48d3-9c77-64ccce8ecf89" />
      <TestMethod codeBase="C:\Documents and Settings\jverdaasdonk\My Documents\Visual Studio 2008\Projects\MVC.Web\MVC.IntegrationTests\bin\Debug\CS.IntegrationTests.dll" adapterTypeName="Microsoft.VisualStudio.TestTools.TestTypes.Unit.UnitTestAdapter, Microsoft.VisualStudio.QualityTools.Tips.UnitTest.Adapter, Version=9.0.0.0, Culture=neutral, PublicKeyToken=b03f5f7f11d50a3a" className="CS.IntegrationTests.SqlCategoryRepositoryTest, CS.IntegrationTests" name="SqlCategoryReposistoryShoulReturnThreeCategories" />
    </UnitTest>
    <UnitTest name="SqlProductRepositoryProductCountShouldReturn6" storage="c:\documents and settings\jverdaasdonk\my documents\visual studio 2008\projects\mvc.web\mvc.integrationtests\bin\debug\cs.integrationtests.dll" id="a7f4f3f7-2e5b-f27f-9d03-1518b0eacc28">
      <Css projectStructure="" iteration="" />
      <Owners>
        <Owner name="" />
      </Owners>
      <Execution id="99068561-a1eb-436b-9c31-ac41ccae5604" />
      <TestMethod codeBase="C:\Documents and Settings\jverdaasdonk\My Documents\Visual Studio 2008\Projects\MVC.Web\MVC.IntegrationTests\bin\Debug\CS.IntegrationTests.dll" adapterTypeName="Microsoft.VisualStudio.TestTools.TestTypes.Unit.UnitTestAdapter, Microsoft.VisualStudio.QualityTools.Tips.UnitTest.Adapter, Version=9.0.0.0, Culture=neutral, PublicKeyToken=b03f5f7f11d50a3a" className="CS.IntegrationTests.ProductIntegrationTest, CS.IntegrationTests" name="SqlProductRepositoryProductCountShouldReturn6" />
    </UnitTest>
    <UnitTest name="RegisterPostReturnsViewIfPasswordIsTooShort" storage="c:\documents and settings\jverdaasdonk\my documents\visual studio 2008\projects\mvc.web\mvc.modeltests\bin\debug\cs.tests.dll" id="2fe9e594-960b-b63f-58e7-00ef3c0fc096">
      <Css projectStructure="" iteration="" />
      <Owners>
        <Owner name="" />
      </Owners>
      <Execution id="3fde08d8-97f0-4a26-b7e7-11a838474d95" />
      <TestMethod codeBase="C:\Documents and Settings\jverdaasdonk\My Documents\Visual Studio 2008\Projects\MVC.Web\MVC.ModelTests\bin\Debug\CS.Tests.dll" adapterTypeName="Microsoft.VisualStudio.TestTools.TestTypes.Unit.UnitTestAdapter, Microsoft.VisualStudio.QualityTools.Tips.UnitTest.Adapter, Version=9.0.0.0, Culture=neutral, PublicKeyToken=b03f5f7f11d50a3a" className="CS.Tests.Controllers.AccountControllerTest, CS.Tests" name="RegisterPostReturnsViewIfPasswordIsTooShort" />
    </UnitTest>
    <UnitTest name="RegisterPostReturnsViewIfRegistrationFails" storage="c:\documents and settings\jverdaasdonk\my documents\visual studio 2008\projects\mvc.web\mvc.modeltests\bin\debug\cs.tests.dll" id="978291a2-173c-b150-f20a-86004ddc209c">
      <Css projectStructure="" iteration="" />
      <Owners>
        <Owner name="" />
      </Owners>
      <Execution id="9f5b2ddd-6cb7-4141-b2dd-0143ccfdf603" />
      <TestMethod codeBase="C:\Documents and Settings\jverdaasdonk\My Documents\Visual Studio 2008\Projects\MVC.Web\MVC.ModelTests\bin\Debug\CS.Tests.dll" adapterTypeName="Microsoft.VisualStudio.TestTools.TestTypes.Unit.UnitTestAdapter, Microsoft.VisualStudio.QualityTools.Tips.UnitTest.Adapter, Version=9.0.0.0, Culture=neutral, PublicKeyToken=b03f5f7f11d50a3a" className="CS.Tests.Controllers.AccountControllerTest, CS.Tests" name="RegisterPostReturnsViewIfRegistrationFails" />
    </UnitTest>
    <UnitTest name="ConstructorSetsPropertiesToDefaultValues" storage="c:\documents and settings\jverdaasdonk\my documents\visual studio 2008\projects\mvc.web\mvc.modeltests\bin\debug\cs.tests.dll" id="aefea2e9-42a9-60da-48b9-ea371ae55f07">
      <Css projectStructure="" iteration="" />
      <Owners>
        <Owner name="" />
      </Owners>
      <Execution id="89b949c7-ccaa-4a99-8ae3-a1b0ebbcd869" />
      <TestMethod codeBase="C:\Documents and Settings\jverdaasdonk\My Documents\Visual Studio 2008\Projects\MVC.Web\MVC.ModelTests\bin\Debug\CS.Tests.dll" adapterTypeName="Microsoft.VisualStudio.TestTools.TestTypes.Unit.UnitTestAdapter, Microsoft.VisualStudio.QualityTools.Tips.UnitTest.Adapter, Version=9.0.0.0, Culture=neutral, PublicKeyToken=b03f5f7f11d50a3a" className="CS.Tests.Controllers.AccountControllerTest, CS.Tests" name="ConstructorSetsPropertiesToDefaultValues" />
    </UnitTest>
    <UnitTest name="ChangePasswordPostReturnsViewIfCurrentPasswordNotSpecified" storage="c:\documents and settings\jverdaasdonk\my documents\visual studio 2008\projects\mvc.web\mvc.modeltests\bin\debug\cs.tests.dll" id="c0f3e042-0eb5-97fb-c206-2f0b0fcb4c30">
      <Css projectStructure="" iteration="" />
      <Owners>
        <Owner name="" />
      </Owners>
      <Execution id="83e243f6-ed8e-451d-a2ab-9fb1275e12c4" />
      <TestMethod codeBase="C:\Documents and Settings\jverdaasdonk\My Documents\Visual Studio 2008\Projects\MVC.Web\MVC.ModelTests\bin\Debug\CS.Tests.dll" adapterTypeName="Microsoft.VisualStudio.TestTools.TestTypes.Unit.UnitTestAdapter, Microsoft.VisualStudio.QualityTools.Tips.UnitTest.Adapter, Version=9.0.0.0, Culture=neutral, PublicKeyToken=b03f5f7f11d50a3a" className="CS.Tests.Controllers.AccountControllerTest, CS.Tests" name="ChangePasswordPostReturnsViewIfCurrentPasswordNotSpecified" />
    </UnitTest>
    <UnitTest name="LoginPostReturnsViewIfUsernameOrPasswordIsIncorrect" storage="c:\documents and settings\jverdaasdonk\my documents\visual studio 2008\projects\mvc.web\mvc.modeltests\bin\debug\cs.tests.dll" id="f1c4ebfa-6279-38d3-2bfe-ed606d6a2b2a">
      <Css projectStructure="" iteration="" />
      <Owners>
        <Owner name="" />
      </Owners>
      <Execution id="73b52dde-dcb8-4f16-9e81-475b673c904e" />
      <TestMethod codeBase="C:\Documents and Settings\jverdaasdonk\My Documents\Visual Studio 2008\Projects\MVC.Web\MVC.ModelTests\bin\Debug\CS.Tests.dll" adapterTypeName="Microsoft.VisualStudio.TestTools.TestTypes.Unit.UnitTestAdapter, Microsoft.VisualStudio.QualityTools.Tips.UnitTest.Adapter, Version=9.0.0.0, Culture=neutral, PublicKeyToken=b03f5f7f11d50a3a" className="CS.Tests.Controllers.AccountControllerTest, CS.Tests" name="LoginPostReturnsViewIfUsernameOrPasswordIsIncorrect" />
    </UnitTest>
    <UnitTest name="CategoryServiceShouldReturnTwoCategories" storage="c:\documents and settings\jverdaasdonk\my documents\visual studio 2008\projects\mvc.web\mvc.integrationtests\bin\debug\cs.integrationtests.dll" id="e78564fb-ad67-794b-9f2f-8919b5b0c716">
      <Css projectStructure="" iteration="" />
      <Owners>
        <Owner name="" />
      </Owners>
      <Execution id="fdb1f2b4-d3cd-4899-b3e4-7a12c244e73f" />
      <TestMethod codeBase="C:\Documents and Settings\jverdaasdonk\My Documents\Visual Studio 2008\Projects\MVC.Web\MVC.IntegrationTests\bin\Debug\CS.IntegrationTests.dll" adapterTypeName="Microsoft.VisualStudio.TestTools.TestTypes.Unit.UnitTestAdapter, Microsoft.VisualStudio.QualityTools.Tips.UnitTest.Adapter, Version=9.0.0.0, Culture=neutral, PublicKeyToken=b03f5f7f11d50a3a" className="CS.IntegrationTests.CategoryServiceTest, CS.IntegrationTests" name="CategoryServiceShouldReturnTwoCategories" />
    </UnitTest>
    <UnitTest name="ChangePasswordPostReturnsViewIfNewPasswordIsTooShort" storage="c:\documents and settings\jverdaasdonk\my documents\visual studio 2008\projects\mvc.web\mvc.modeltests\bin\debug\cs.tests.dll" id="2b19ef71-a87a-3de6-4549-f3085f97e3db">
      <Css projectStructure="" iteration="" />
      <Owners>
        <Owner name="" />
      </Owners>
      <Execution id="37877a02-f84b-42ff-ad2c-8a9007b23f4b" />
      <TestMethod codeBase="C:\Documents and Settings\jverdaasdonk\My Documents\Visual Studio 2008\Projects\MVC.Web\MVC.ModelTests\bin\Debug\CS.Tests.dll" adapterTypeName="Microsoft.VisualStudio.TestTools.TestTypes.Unit.UnitTestAdapter, Microsoft.VisualStudio.QualityTools.Tips.UnitTest.Adapter, Version=9.0.0.0, Culture=neutral, PublicKeyToken=b03f5f7f11d50a3a" className="CS.Tests.Controllers.AccountControllerTest, CS.Tests" name="ChangePasswordPostReturnsViewIfNewPasswordIsTooShort" />
    </UnitTest>
    <UnitTest name="ChangePasswordSuccess" storage="c:\documents and settings\jverdaasdonk\my documents\visual studio 2008\projects\mvc.web\mvc.modeltests\bin\debug\cs.tests.dll" id="752db495-9d53-cd00-c7cc-acf5099953b4">
      <Css projectStructure="" iteration="" />
      <Owners>
        <Owner name="" />
      </Owners>
      <Execution id="20b8ccc7-8839-43ca-ba82-1e73898a0ef2" />
      <TestMethod codeBase="C:\Documents and Settings\jverdaasdonk\My Documents\Visual Studio 2008\Projects\MVC.Web\MVC.ModelTests\bin\Debug\CS.Tests.dll" adapterTypeName="Microsoft.VisualStudio.TestTools.TestTypes.Unit.UnitTestAdapter, Microsoft.VisualStudio.QualityTools.Tips.UnitTest.Adapter, Version=9.0.0.0, Culture=neutral, PublicKeyToken=b03f5f7f11d50a3a" className="CS.Tests.Controllers.AccountControllerTest, CS.Tests" name="ChangePasswordSuccess" />
    </UnitTest>
    <UnitTest name="SqlCategoryRepositoryShouldReturnFiveProductsForCategoryOne" storage="c:\documents and settings\jverdaasdonk\my documents\visual studio 2008\projects\mvc.web\mvc.integrationtests\bin\debug\cs.integrationtests.dll" id="ce2696e7-06d2-a9a6-86a0-8d39eab0b37a">
      <Css projectStructure="" iteration="" />
      <Owners>
        <Owner name="" />
      </Owners>
      <Execution id="67ca02b4-e4a0-4526-ba52-0701f66ef06f" />
      <TestMethod codeBase="C:\Documents and Settings\jverdaasdonk\My Documents\Visual Studio 2008\Projects\MVC.Web\MVC.IntegrationTests\bin\Debug\CS.IntegrationTests.dll" adapterTypeName="Microsoft.VisualStudio.TestTools.TestTypes.Unit.UnitTestAdapter, Microsoft.VisualStudio.QualityTools.Tips.UnitTest.Adapter, Version=9.0.0.0, Culture=neutral, PublicKeyToken=b03f5f7f11d50a3a" className="CS.IntegrationTests.SqlCategoryRepositoryTest, CS.IntegrationTests" name="SqlCategoryRepositoryShouldReturnFiveProductsForCategoryOne" />
    </UnitTest>
    <UnitTest name="ConstructorSetsProperties" storage="c:\documents and settings\jverdaasdonk\my documents\visual studio 2008\projects\mvc.web\mvc.modeltests\bin\debug\cs.tests.dll" id="9e02600f-4a4e-a1af-3421-fefe541bd7bc">
      <Css projectStructure="" iteration="" />
      <Owners>
        <Owner name="" />
      </Owners>
      <Execution id="7e6e2157-eddf-411b-9224-353e367b7e7b" />
      <TestMethod codeBase="C:\Documents and Settings\jverdaasdonk\My Documents\Visual Studio 2008\Projects\MVC.Web\MVC.ModelTests\bin\Debug\CS.Tests.dll" adapterTypeName="Microsoft.VisualStudio.TestTools.TestTypes.Unit.UnitTestAdapter, Microsoft.VisualStudio.QualityTools.Tips.UnitTest.Adapter, Version=9.0.0.0, Culture=neutral, PublicKeyToken=b03f5f7f11d50a3a" className="CS.Tests.Controllers.AccountControllerTest, CS.Tests" name="ConstructorSetsProperties" />
    </UnitTest>
    <UnitTest name="RegisterPostReturnsViewIfNewPasswordDoesNotMatchConfirmPassword" storage="c:\documents and settings\jverdaasdonk\my documents\visual studio 2008\projects\mvc.web\mvc.modeltests\bin\debug\cs.tests.dll" id="41c44287-daa6-8ae9-08c6-83777306e379">
      <Css projectStructure="" iteration="" />
      <Owners>
        <Owner name="" />
      </Owners>
      <Execution id="d5b0239b-9cb0-4a6b-8f39-1ca83e2a9b9d" />
      <TestMethod codeBase="C:\Documents and Settings\jverdaasdonk\My Documents\Visual Studio 2008\Projects\MVC.Web\MVC.ModelTests\bin\Debug\CS.Tests.dll" adapterTypeName="Microsoft.VisualStudio.TestTools.TestTypes.Unit.UnitTestAdapter, Microsoft.VisualStudio.QualityTools.Tips.UnitTest.Adapter, Version=9.0.0.0, Culture=neutral, PublicKeyToken=b03f5f7f11d50a3a" className="CS.Tests.Controllers.AccountControllerTest, CS.Tests" name="RegisterPostReturnsViewIfNewPasswordDoesNotMatchConfirmPassword" />
    </UnitTest>
    <UnitTest name="CategoryServiceShouldReturnCategoryOneWithNameFruits" storage="c:\documents and settings\jverdaasdonk\my documents\visual studio 2008\projects\mvc.web\mvc.integrationtests\bin\debug\cs.integrationtests.dll" id="9760d0ce-fa54-5ecd-9a14-9a259f5f5ce4">
      <Css projectStructure="" iteration="" />
      <Owners>
        <Owner name="" />
      </Owners>
      <Execution id="ec82975d-ccc3-43c5-bf97-0e11b7eddaec" />
      <TestMethod codeBase="C:\Documents and Settings\jverdaasdonk\My Documents\Visual Studio 2008\Projects\MVC.Web\MVC.IntegrationTests\bin\Debug\CS.IntegrationTests.dll" adapterTypeName="Microsoft.VisualStudio.TestTools.TestTypes.Unit.UnitTestAdapter, Microsoft.VisualStudio.QualityTools.Tips.UnitTest.Adapter, Version=9.0.0.0, Culture=neutral, PublicKeyToken=b03f5f7f11d50a3a" className="CS.IntegrationTests.CategoryServiceTest, CS.IntegrationTests" name="CategoryServiceShouldReturnCategoryOneWithNameFruits" />
    </UnitTest>
    <UnitTest name="RegisterPostReturnsViewIfEmailNotSpecified" storage="c:\documents and settings\jverdaasdonk\my documents\visual studio 2008\projects\mvc.web\mvc.modeltests\bin\debug\cs.tests.dll" id="686c3588-062c-1710-87d4-74aa63e45649">
      <Css projectStructure="" iteration="" />
      <Owners>
        <Owner name="" />
      </Owners>
      <Execution id="4f42c5d9-a7d6-4a16-8792-ef374d5258ac" />
      <TestMethod codeBase="C:\Documents and Settings\jverdaasdonk\My Documents\Visual Studio 2008\Projects\MVC.Web\MVC.ModelTests\bin\Debug\CS.Tests.dll" adapterTypeName="Microsoft.VisualStudio.TestTools.TestTypes.Unit.UnitTestAdapter, Microsoft.VisualStudio.QualityTools.Tips.UnitTest.Adapter, Version=9.0.0.0, Culture=neutral, PublicKeyToken=b03f5f7f11d50a3a" className="CS.Tests.Controllers.AccountControllerTest, CS.Tests" name="RegisterPostReturnsViewIfEmailNotSpecified" />
    </UnitTest>
    <UnitTest name="LoginPostReturnsViewIfUsernameNotSpecified" storage="c:\documents and settings\jverdaasdonk\my documents\visual studio 2008\projects\mvc.web\mvc.modeltests\bin\debug\cs.tests.dll" id="770881f6-03a7-b60d-0ee2-ab528c08c86f">
      <Css projectStructure="" iteration="" />
      <Owners>
        <Owner name="" />
      </Owners>
      <Execution id="6fd1f4fe-ee98-43f9-9062-af5c9ba3f12f" />
      <TestMethod codeBase="C:\Documents and Settings\jverdaasdonk\My Documents\Visual Studio 2008\Projects\MVC.Web\MVC.ModelTests\bin\Debug\CS.Tests.dll" adapterTypeName="Microsoft.VisualStudio.TestTools.TestTypes.Unit.UnitTestAdapter, Microsoft.VisualStudio.QualityTools.Tips.UnitTest.Adapter, Version=9.0.0.0, Culture=neutral, PublicKeyToken=b03f5f7f11d50a3a" className="CS.Tests.Controllers.AccountControllerTest, CS.Tests" name="LoginPostReturnsViewIfUsernameNotSpecified" />
    </UnitTest>
    <UnitTest name="RegisterPostReturnsViewIfUsernameNotSpecified" storage="c:\documents and settings\jverdaasdonk\my documents\visual studio 2008\projects\mvc.web\mvc.modeltests\bin\debug\cs.tests.dll" id="f946bf02-7dc1-b70a-698b-9f928e1c378b">
      <Css projectStructure="" iteration="" />
      <Owners>
        <Owner name="" />
      </Owners>
      <Execution id="4ebdd2bd-d927-4faf-aaa8-cb7cb529de44" />
      <TestMethod codeBase="C:\Documents and Settings\jverdaasdonk\My Documents\Visual Studio 2008\Projects\MVC.Web\MVC.ModelTests\bin\Debug\CS.Tests.dll" adapterTypeName="Microsoft.VisualStudio.TestTools.TestTypes.Unit.UnitTestAdapter, Microsoft.VisualStudio.QualityTools.Tips.UnitTest.Adapter, Version=9.0.0.0, Culture=neutral, PublicKeyToken=b03f5f7f11d50a3a" className="CS.Tests.Controllers.AccountControllerTest, CS.Tests" name="RegisterPostReturnsViewIfUsernameNotSpecified" />
    </UnitTest>
    <UnitTest name="SqlCategoryRepositoryDeleteNewCategoryWithNameCoding" storage="c:\documents and settings\jverdaasdonk\my documents\visual studio 2008\projects\mvc.web\mvc.integrationtests\bin\debug\cs.integrationtests.dll" id="fde40969-348d-88b5-11bb-a059e4f6d432">
      <Css projectStructure="" iteration="" />
      <Owners>
        <Owner name="" />
      </Owners>
      <Execution id="6a37d5a6-8f26-4379-9d71-a36a25e14647" />
      <TestMethod codeBase="C:\Documents and Settings\jverdaasdonk\My Documents\Visual Studio 2008\Projects\MVC.Web\MVC.IntegrationTests\bin\Debug\CS.IntegrationTests.dll" adapterTypeName="Microsoft.VisualStudio.TestTools.TestTypes.Unit.UnitTestAdapter, Microsoft.VisualStudio.QualityTools.Tips.UnitTest.Adapter, Version=9.0.0.0, Culture=neutral, PublicKeyToken=b03f5f7f11d50a3a" className="CS.IntegrationTests.SqlCategoryRepositoryTest, CS.IntegrationTests" name="SqlCategoryRepositoryDeleteNewCategoryWithNameCoding" />
    </UnitTest>
    <UnitTest name="RegisterPostReturnsViewIfPasswordIsNull" storage="c:\documents and settings\jverdaasdonk\my documents\visual studio 2008\projects\mvc.web\mvc.modeltests\bin\debug\cs.tests.dll" id="a1d9f1c3-e42e-58fb-9f8b-20b6ab4af88b">
      <Css projectStructure="" iteration="" />
      <Owners>
        <Owner name="" />
      </Owners>
      <Execution id="8ff1b613-b587-42e3-b2d9-0fbef7e2e7b2" />
      <TestMethod codeBase="C:\Documents and Settings\jverdaasdonk\My Documents\Visual Studio 2008\Projects\MVC.Web\MVC.ModelTests\bin\Debug\CS.Tests.dll" adapterTypeName="Microsoft.VisualStudio.TestTools.TestTypes.Unit.UnitTestAdapter, Microsoft.VisualStudio.QualityTools.Tips.UnitTest.Adapter, Version=9.0.0.0, Culture=neutral, PublicKeyToken=b03f5f7f11d50a3a" className="CS.Tests.Controllers.AccountControllerTest, CS.Tests" name="RegisterPostReturnsViewIfPasswordIsNull" />
    </UnitTest>
    <UnitTest name="LogOff" storage="c:\documents and settings\jverdaasdonk\my documents\visual studio 2008\projects\mvc.web\mvc.modeltests\bin\debug\cs.tests.dll" id="87db12f3-5de5-5a71-dee8-3a2677593064">
      <Css projectStructure="" iteration="" />
      <Owners>
        <Owner name="" />
      </Owners>
      <Execution id="99a8b11c-a337-49a2-a823-551a6013bb39" />
      <TestMethod codeBase="C:\Documents and Settings\jverdaasdonk\My Documents\Visual Studio 2008\Projects\MVC.Web\MVC.ModelTests\bin\Debug\CS.Tests.dll" adapterTypeName="Microsoft.VisualStudio.TestTools.TestTypes.Unit.UnitTestAdapter, Microsoft.VisualStudio.QualityTools.Tips.UnitTest.Adapter, Version=9.0.0.0, Culture=neutral, PublicKeyToken=b03f5f7f11d50a3a" className="CS.Tests.Controllers.AccountControllerTest, CS.Tests" name="LogOff" />
    </UnitTest>
    <UnitTest name="ProductsRepositoryShouldReturn5Products" storage="c:\documents and settings\jverdaasdonk\my documents\visual studio 2008\projects\mvc.web\mvc.modeltests\bin\debug\cs.tests.dll" id="5c102f9f-5399-5215-94be-e6e2ea4473f4">
      <Css projectStructure="" iteration="" />
      <Owners>
        <Owner name="" />
      </Owners>
      <Execution id="1b086bd9-02f2-4f06-a9c1-48dac3fa16b4" />
      <TestMethod codeBase="C:\Documents and Settings\jverdaasdonk\My Documents\Visual Studio 2008\Projects\MVC.Web\MVC.ModelTests\bin\Debug\CS.Tests.dll" adapterTypeName="Microsoft.VisualStudio.TestTools.TestTypes.Unit.UnitTestAdapter, Microsoft.VisualStudio.QualityTools.Tips.UnitTest.Adapter, Version=9.0.0.0, Culture=neutral, PublicKeyToken=b03f5f7f11d50a3a" className="CS.Tests.Model.ProductTest, CS.Tests" name="ProductsRepositoryShouldReturn5Products" />
    </UnitTest>
  </TestDefinitions>
  <TestLists>
    <TestList name="Results Not in a List" id="8c84fa94-04c1-424b-9868-57a2d4851a1d" />
    <TestList name="All Loaded Results" id="19431567-8539-422a-85d7-44ee4e166bda" />
  </TestLists>
  <TestEntries>
    <TestEntry testId="1ad314c1-59b3-852f-de5f-f8e3a676b9e3" executionId="b2fc88a3-e265-4f77-b2ef-53c2ae064e12" testListId="8c84fa94-04c1-424b-9868-57a2d4851a1d" />
    <TestEntry testId="1ec260dc-2306-b499-ba62-f3514f536d28" executionId="4a1356f1-8ddf-476f-9899-bd91f220096d" testListId="8c84fa94-04c1-424b-9868-57a2d4851a1d" />
    <TestEntry testId="229b5f71-1814-2275-1196-c301c12dee14" executionId="b485cf93-bb66-48d3-9c77-64ccce8ecf89" testListId="8c84fa94-04c1-424b-9868-57a2d4851a1d" />
    <TestEntry testId="2782f7cb-2688-f28b-b2f4-07afb50de0be" executionId="d8c2e692-eca4-4459-824f-c9b087a9b96e" testListId="8c84fa94-04c1-424b-9868-57a2d4851a1d" />
    <TestEntry testId="2b19ef71-a87a-3de6-4549-f3085f97e3db" executionId="37877a02-f84b-42ff-ad2c-8a9007b23f4b" testListId="8c84fa94-04c1-424b-9868-57a2d4851a1d" />
    <TestEntry testId="2fe9e594-960b-b63f-58e7-00ef3c0fc096" executionId="3fde08d8-97f0-4a26-b7e7-11a838474d95" testListId="8c84fa94-04c1-424b-9868-57a2d4851a1d" />
    <TestEntry testId="3021dec6-4654-5112-7d5a-f1ea5df5b08a" executionId="54716dd9-6291-4643-b9c7-db97567e1ede" testListId="8c84fa94-04c1-424b-9868-57a2d4851a1d" />
    <TestEntry testId="3b0824dc-1a26-39d5-191c-c876715c95bc" executionId="a08fb855-bec3-4879-8894-2057c737b54e" testListId="8c84fa94-04c1-424b-9868-57a2d4851a1d" />
    <TestEntry testId="3b352e0d-4fd7-d071-a055-c45c5efa12fe" executionId="171a0b4d-5d52-4fa2-b986-c799b500156f" testListId="8c84fa94-04c1-424b-9868-57a2d4851a1d" />
    <TestEntry testId="3b5e9930-4867-8bf6-c93c-a718f9ed6a66" executionId="8222a581-ceae-45c2-8177-9d35f15b4081" testListId="8c84fa94-04c1-424b-9868-57a2d4851a1d" />
    <TestEntry testId="41c44287-daa6-8ae9-08c6-83777306e379" executionId="d5b0239b-9cb0-4a6b-8f39-1ca83e2a9b9d" testListId="8c84fa94-04c1-424b-9868-57a2d4851a1d" />
    <TestEntry testId="49e51016-0746-4d07-091e-7b34e831a581" executionId="fa9d1219-96c0-432b-966b-6fa7eae21b05" testListId="8c84fa94-04c1-424b-9868-57a2d4851a1d" />
    <TestEntry testId="4a78e191-f633-e591-0b49-d70a6e808c66" executionId="7b989e93-0b87-44d4-a4cd-2cbd2f77c3e3" testListId="8c84fa94-04c1-424b-9868-57a2d4851a1d" />
    <TestEntry testId="54597ad9-2fdc-4be0-94dc-44d1f37511f4" executionId="5dc9248d-6b82-4653-a73e-d6d6e6b78ce5" testListId="8c84fa94-04c1-424b-9868-57a2d4851a1d">
      <TestEntries>
        <TestEntry testId="d251235d-3f9a-02dd-b058-93859f63f687" executionId="87e47fe5-92ce-4a9c-be14-1deefbbe1d5d" parentExecutionId="5dc9248d-6b82-4653-a73e-d6d6e6b78ce5" testListId="8c84fa94-04c1-424b-9868-57a2d4851a1d" />
        <TestEntry testId="3b352e0d-4fd7-d071-a055-c45c5efa12fe" executionId="d94a9fda-9757-4483-9324-c45a2bcf37ed" parentExecutionId="5dc9248d-6b82-4653-a73e-d6d6e6b78ce5" testListId="8c84fa94-04c1-424b-9868-57a2d4851a1d" />
        <TestEntry testId="9760d0ce-fa54-5ecd-9a14-9a259f5f5ce4" executionId="79477f36-7c2f-48d2-b099-ccd0219378bf" parentExecutionId="5dc9248d-6b82-4653-a73e-d6d6e6b78ce5" testListId="8c84fa94-04c1-424b-9868-57a2d4851a1d" />
        <TestEntry testId="e78564fb-ad67-794b-9f2f-8919b5b0c716" executionId="77823204-045f-4de0-985d-b4e05a714a5a" parentExecutionId="5dc9248d-6b82-4653-a73e-d6d6e6b78ce5" testListId="8c84fa94-04c1-424b-9868-57a2d4851a1d" />
        <TestEntry testId="229b5f71-1814-2275-1196-c301c12dee14" executionId="5d454f96-382b-4e7a-b650-ae453b000cf5" parentExecutionId="5dc9248d-6b82-4653-a73e-d6d6e6b78ce5" testListId="8c84fa94-04c1-424b-9868-57a2d4851a1d" />
        <TestEntry testId="b261d57a-a0d4-2422-1b4e-7720fd67ae92" executionId="757f1258-2af6-4ced-9eb2-2503503a256a" parentExecutionId="5dc9248d-6b82-4653-a73e-d6d6e6b78ce5" testListId="8c84fa94-04c1-424b-9868-57a2d4851a1d" />
        <TestEntry testId="ce2696e7-06d2-a9a6-86a0-8d39eab0b37a" executionId="7e8b09fe-d8c8-400b-a6e1-55a30ce413f0" parentExecutionId="5dc9248d-6b82-4653-a73e-d6d6e6b78ce5" testListId="8c84fa94-04c1-424b-9868-57a2d4851a1d" />
        <TestEntry testId="4a78e191-f633-e591-0b49-d70a6e808c66" executionId="1744d811-598e-4d43-a7d4-a7aefdcc3b56" parentExecutionId="5dc9248d-6b82-4653-a73e-d6d6e6b78ce5" testListId="8c84fa94-04c1-424b-9868-57a2d4851a1d" />
        <TestEntry testId="fde40969-348d-88b5-11bb-a059e4f6d432" executionId="0add6e5e-abda-4951-9a25-e779519c9418" parentExecutionId="5dc9248d-6b82-4653-a73e-d6d6e6b78ce5" testListId="8c84fa94-04c1-424b-9868-57a2d4851a1d" />
        <TestEntry testId="f1a7b245-9cb6-857c-99d2-1a0550f76361" executionId="5f072f48-ec50-4a38-b3f4-e9e171f6e9c3" parentExecutionId="5dc9248d-6b82-4653-a73e-d6d6e6b78ce5" testListId="8c84fa94-04c1-424b-9868-57a2d4851a1d" />
        <TestEntry testId="3b0824dc-1a26-39d5-191c-c876715c95bc" executionId="07e11e56-f996-4ae2-83ba-41c46defcb99" parentExecutionId="5dc9248d-6b82-4653-a73e-d6d6e6b78ce5" testListId="8c84fa94-04c1-424b-9868-57a2d4851a1d" />
      </TestEntries>
    </TestEntry>
    <TestEntry testId="5c102f9f-5399-5215-94be-e6e2ea4473f4" executionId="1b086bd9-02f2-4f06-a9c1-48dac3fa16b4" testListId="8c84fa94-04c1-424b-9868-57a2d4851a1d" />
    <TestEntry testId="5f22b840-4d2e-d46b-3163-aae92730969b" executionId="4a5713f3-2dea-4d1a-8f6c-d3a1576cf286" testListId="8c84fa94-04c1-424b-9868-57a2d4851a1d" />
    <TestEntry testId="686c3588-062c-1710-87d4-74aa63e45649" executionId="4f42c5d9-a7d6-4a16-8792-ef374d5258ac" testListId="8c84fa94-04c1-424b-9868-57a2d4851a1d" />
    <TestEntry testId="73ddf029-113d-8939-b5cf-eee4a6eb0db0" executionId="784b0eac-ad96-4281-9853-20e476b3cd4a" testListId="8c84fa94-04c1-424b-9868-57a2d4851a1d" />
    <TestEntry testId="752db495-9d53-cd00-c7cc-acf5099953b4" executionId="20b8ccc7-8839-43ca-ba82-1e73898a0ef2" testListId="8c84fa94-04c1-424b-9868-57a2d4851a1d" />
    <TestEntry testId="770881f6-03a7-b60d-0ee2-ab528c08c86f" executionId="6fd1f4fe-ee98-43f9-9062-af5c9ba3f12f" testListId="8c84fa94-04c1-424b-9868-57a2d4851a1d" />
    <TestEntry testId="7bcd167c-f57b-1967-dede-42dd8e2dc771" executionId="56bdac28-97cc-40d6-a7d8-413bfeb3d321" testListId="8c84fa94-04c1-424b-9868-57a2d4851a1d" />
    <TestEntry testId="7e8f3518-2c69-d265-2185-15a0c1f014f0" executionId="1cd5250b-215b-476e-8797-06cf3593c4b0" testListId="8c84fa94-04c1-424b-9868-57a2d4851a1d" />
    <TestEntry testId="8442f306-8128-3412-971c-70892b51e194" executionId="fcf918a2-b835-4d35-81f0-3c1a9a7dcae2" testListId="8c84fa94-04c1-424b-9868-57a2d4851a1d" />
    <TestEntry testId="8629383e-befa-3ebd-b68d-effc71224f6b" executionId="21e47851-7e2c-4c6a-9dc4-49a5295b92ac" testListId="8c84fa94-04c1-424b-9868-57a2d4851a1d" />
    <TestEntry testId="87db12f3-5de5-5a71-dee8-3a2677593064" executionId="99a8b11c-a337-49a2-a823-551a6013bb39" testListId="8c84fa94-04c1-424b-9868-57a2d4851a1d" />
    <TestEntry testId="9760d0ce-fa54-5ecd-9a14-9a259f5f5ce4" executionId="ec82975d-ccc3-43c5-bf97-0e11b7eddaec" testListId="8c84fa94-04c1-424b-9868-57a2d4851a1d" />
    <TestEntry testId="978291a2-173c-b150-f20a-86004ddc209c" executionId="9f5b2ddd-6cb7-4141-b2dd-0143ccfdf603" testListId="8c84fa94-04c1-424b-9868-57a2d4851a1d" />
    <TestEntry testId="9e02600f-4a4e-a1af-3421-fefe541bd7bc" executionId="7e6e2157-eddf-411b-9224-353e367b7e7b" testListId="8c84fa94-04c1-424b-9868-57a2d4851a1d" />
    <TestEntry testId="a1d9f1c3-e42e-58fb-9f8b-20b6ab4af88b" executionId="8ff1b613-b587-42e3-b2d9-0fbef7e2e7b2" testListId="8c84fa94-04c1-424b-9868-57a2d4851a1d" />
    <TestEntry testId="a7f4f3f7-2e5b-f27f-9d03-1518b0eacc28" executionId="99068561-a1eb-436b-9c31-ac41ccae5604" testListId="8c84fa94-04c1-424b-9868-57a2d4851a1d" />
    <TestEntry testId="aefea2e9-42a9-60da-48b9-ea371ae55f07" executionId="89b949c7-ccaa-4a99-8ae3-a1b0ebbcd869" testListId="8c84fa94-04c1-424b-9868-57a2d4851a1d" />
    <TestEntry testId="b261d57a-a0d4-2422-1b4e-7720fd67ae92" executionId="c4afa23a-51e9-4643-a391-c67edaafc015" testListId="8c84fa94-04c1-424b-9868-57a2d4851a1d" />
    <TestEntry testId="b6156d45-7806-ab68-5902-77b694fff85c" executionId="142b3616-8d47-42ff-828b-a6db174772f0" testListId="8c84fa94-04c1-424b-9868-57a2d4851a1d" />
    <TestEntry testId="b68423dd-e2ee-2ed7-dd16-e926c9bdcacb" executionId="ee167dbd-acca-4fe0-a2ff-467fcca0f66f" testListId="8c84fa94-04c1-424b-9868-57a2d4851a1d" />
    <TestEntry testId="c0f3e042-0eb5-97fb-c206-2f0b0fcb4c30" executionId="83e243f6-ed8e-451d-a2ab-9fb1275e12c4" testListId="8c84fa94-04c1-424b-9868-57a2d4851a1d" />
    <TestEntry testId="cdbd5838-b26b-cb3f-8a29-64dcc50f7dcd" executionId="a19aa09f-70c1-4982-8e5a-4d3586efc319" testListId="8c84fa94-04c1-424b-9868-57a2d4851a1d" />
    <TestEntry testId="ce2696e7-06d2-a9a6-86a0-8d39eab0b37a" executionId="67ca02b4-e4a0-4526-ba52-0701f66ef06f" testListId="8c84fa94-04c1-424b-9868-57a2d4851a1d" />
    <TestEntry testId="d251235d-3f9a-02dd-b058-93859f63f687" executionId="06ec9bd2-2e6c-464a-9e50-280435066f58" testListId="8c84fa94-04c1-424b-9868-57a2d4851a1d" />
    <TestEntry testId="d6f8995f-62af-6c1c-217a-ec8c4a792499" executionId="aad24947-c6d5-4f75-ac2e-7ade59996f78" testListId="8c84fa94-04c1-424b-9868-57a2d4851a1d" />
    <TestEntry testId="e68d1464-fcf8-7402-6098-3a2400796d66" executionId="ab6496bf-0f26-4d6a-84c2-737c6b5b9a0e" testListId="8c84fa94-04c1-424b-9868-57a2d4851a1d" />
    <TestEntry testId="e78564fb-ad67-794b-9f2f-8919b5b0c716" executionId="fdb1f2b4-d3cd-4899-b3e4-7a12c244e73f" testListId="8c84fa94-04c1-424b-9868-57a2d4851a1d" />
    <TestEntry testId="ecb0caf6-3940-82fe-7f2b-867dcf756056" executionId="de90ffe2-7dc8-4103-a238-a0a40b673aa7" testListId="8c84fa94-04c1-424b-9868-57a2d4851a1d" />
    <TestEntry testId="f1a7b245-9cb6-857c-99d2-1a0550f76361" executionId="db076426-7dd9-4570-baf6-ee9b7fd89f51" testListId="8c84fa94-04c1-424b-9868-57a2d4851a1d" />
    <TestEntry testId="f1c4ebfa-6279-38d3-2bfe-ed606d6a2b2a" executionId="73b52dde-dcb8-4f16-9e81-475b673c904e" testListId="8c84fa94-04c1-424b-9868-57a2d4851a1d" />
    <TestEntry testId="f946bf02-7dc1-b70a-698b-9f928e1c378b" executionId="4ebdd2bd-d927-4faf-aaa8-cb7cb529de44" testListId="8c84fa94-04c1-424b-9868-57a2d4851a1d" />
    <TestEntry testId="fde40969-348d-88b5-11bb-a059e4f6d432" executionId="6a37d5a6-8f26-4379-9d71-a36a25e14647" testListId="8c84fa94-04c1-424b-9868-57a2d4851a1d" />
  </TestEntries>
  <Results>
    <UnitTestResult executionId="b2fc88a3-e265-4f77-b2ef-53c2ae064e12" testId="1ad314c1-59b3-852f-de5f-f8e3a676b9e3" testName="LoginPostRedirectsHomeIfLoginSuccessfulButNoReturnUrlGiven" computerName="DEVSERVERJOOST" duration="00:00:00.1136588" startTime="2009-07-19T12:30:45.0147500+02:00" endTime="2009-07-19T12:30:45.6866250+02:00" testType="13cdc9d9-ddb5-4fa4-a97d-d965ccfc6d4b" outcome="Passed" testListId="8c84fa94-04c1-424b-9868-57a2d4851a1d">
      <Output>
      </Output>
    </UnitTestResult>
    <UnitTestResult executionId="4a1356f1-8ddf-476f-9899-bd91f220096d" testId="1ec260dc-2306-b499-ba62-f3514f536d28" testName="RegisterGet" computerName="DEVSERVERJOOST" duration="00:00:00.0009358" startTime="2009-07-19T12:30:45.6866250+02:00" endTime="2009-07-19T12:30:45.6866250+02:00" testType="13cdc9d9-ddb5-4fa4-a97d-d965ccfc6d4b" outcome="Passed" testListId="8c84fa94-04c1-424b-9868-57a2d4851a1d">
      <Output>
      </Output>
    </UnitTestResult>
    <UnitTestResult executionId="b485cf93-bb66-48d3-9c77-64ccce8ecf89" testId="229b5f71-1814-2275-1196-c301c12dee14" testName="SqlCategoryReposistoryShoulReturnThreeCategories" computerName="DEVSERVERJOOST" duration="00:00:00.0984158" startTime="2009-07-19T12:30:45.7022500+02:00" endTime="2009-07-19T12:30:46.2960000+02:00" testType="13cdc9d9-ddb5-4fa4-a97d-d965ccfc6d4b" outcome="Failed" testListId="8c84fa94-04c1-424b-9868-57a2d4851a1d">
      <Output>
        <ErrorInfo>
          <Message>Assert.AreEqual failed. Expected:&lt;2&gt;. Actual:&lt;3&gt;. </Message>
          <StackTrace>   at CS.IntegrationTests.SqlCategoryRepositoryTest.SqlCategoryReposistoryShoulReturnThreeCategories() in C:\Documents and Settings\jverdaasdonk\My Documents\Visual Studio 2008\Projects\MVC.Web\MVC.IntegrationTests\SqlCategoryRepositoryTest.cs:line 24
</StackTrace>
        </ErrorInfo>
      </Output>
    </UnitTestResult>
    <UnitTestResult executionId="d8c2e692-eca4-4459-824f-c9b087a9b96e" testId="2782f7cb-2688-f28b-b2f4-07afb50de0be" testName="ChangePasswordGetReturnsView" computerName="DEVSERVERJOOST" duration="00:00:00.0006081" startTime="2009-07-19T12:30:46.3116250+02:00" endTime="2009-07-19T12:30:46.3116250+02:00" testType="13cdc9d9-ddb5-4fa4-a97d-d965ccfc6d4b" outcome="Passed" testListId="8c84fa94-04c1-424b-9868-57a2d4851a1d">
      <Output>
      </Output>
    </UnitTestResult>
    <UnitTestResult executionId="37877a02-f84b-42ff-ad2c-8a9007b23f4b" testId="2b19ef71-a87a-3de6-4549-f3085f97e3db" testName="ChangePasswordPostReturnsViewIfNewPasswordIsTooShort" computerName="DEVSERVERJOOST" duration="00:00:00.0020944" startTime="2009-07-19T12:30:46.3116250+02:00" endTime="2009-07-19T12:30:46.3272500+02:00" testType="13cdc9d9-ddb5-4fa4-a97d-d965ccfc6d4b" outcome="Passed" testListId="8c84fa94-04c1-424b-9868-57a2d4851a1d">
      <Output>
      </Output>
    </UnitTestResult>
    <UnitTestResult executionId="3fde08d8-97f0-4a26-b7e7-11a838474d95" testId="2fe9e594-960b-b63f-58e7-00ef3c0fc096" testName="RegisterPostReturnsViewIfPasswordIsTooShort" computerName="DEVSERVERJOOST" duration="00:00:00.0018278" startTime="2009-07-19T12:30:46.3272500+02:00" endTime="2009-07-19T12:30:46.3428750+02:00" testType="13cdc9d9-ddb5-4fa4-a97d-d965ccfc6d4b" outcome="Passed" testListId="8c84fa94-04c1-424b-9868-57a2d4851a1d">
      <Output>
      </Output>
    </UnitTestResult>
    <UnitTestResult executionId="54716dd9-6291-4643-b9c7-db97567e1ede" testId="3021dec6-4654-5112-7d5a-f1ea5df5b08a" testName="ChangePasswordPostRedirectsOnSuccess" computerName="DEVSERVERJOOST" duration="00:00:00.0016085" startTime="2009-07-19T12:30:46.3428750+02:00" endTime="2009-07-19T12:30:46.3428750+02:00" testType="13cdc9d9-ddb5-4fa4-a97d-d965ccfc6d4b" outcome="Passed" testListId="8c84fa94-04c1-424b-9868-57a2d4851a1d">
      <Output>
      </Output>
    </UnitTestResult>
    <UnitTestResult executionId="a08fb855-bec3-4879-8894-2057c737b54e" testId="3b0824dc-1a26-39d5-191c-c876715c95bc" testName="CategoryServiceDeleteCategoryWithNameServiceTest" computerName="DEVSERVERJOOST" duration="00:00:00.0441346" startTime="2009-07-19T12:30:46.3428750+02:00" endTime="2009-07-19T12:30:46.4053750+02:00" testType="13cdc9d9-ddb5-4fa4-a97d-d965ccfc6d4b" outcome="Passed" testListId="8c84fa94-04c1-424b-9868-57a2d4851a1d">
      <Output>
      </Output>
    </UnitTestResult>
    <UnitTestResult executionId="171a0b4d-5d52-4fa2-b986-c799b500156f" testId="3b352e0d-4fd7-d071-a055-c45c5efa12fe" testName="CategoryServiceShouldReturnCategoryFruits" computerName="DEVSERVERJOOST" duration="00:00:00.0060091" startTime="2009-07-19T12:30:46.4053750+02:00" endTime="2009-07-19T12:30:46.4210000+02:00" testType="13cdc9d9-ddb5-4fa4-a97d-d965ccfc6d4b" outcome="Passed" testListId="8c84fa94-04c1-424b-9868-57a2d4851a1d">
      <Output>
      </Output>
    </UnitTestResult>
    <UnitTestResult executionId="8222a581-ceae-45c2-8177-9d35f15b4081" testId="3b5e9930-4867-8bf6-c93c-a718f9ed6a66" testName="SqlProductRepositoryShouldReturnProductsAsQueryable" computerName="DEVSERVERJOOST" duration="00:00:00.0035118" startTime="2009-07-19T12:30:46.4210000+02:00" endTime="2009-07-19T12:30:46.4366250+02:00" testType="13cdc9d9-ddb5-4fa4-a97d-d965ccfc6d4b" outcome="Passed" testListId="8c84fa94-04c1-424b-9868-57a2d4851a1d">
      <Output>
      </Output>
    </UnitTestResult>
    <UnitTestResult executionId="d5b0239b-9cb0-4a6b-8f39-1ca83e2a9b9d" testId="41c44287-daa6-8ae9-08c6-83777306e379" testName="RegisterPostReturnsViewIfNewPasswordDoesNotMatchConfirmPassword" computerName="DEVSERVERJOOST" duration="00:00:00.0006877" startTime="2009-07-19T12:30:46.4522500+02:00" endTime="2009-07-19T12:30:46.4522500+02:00" testType="13cdc9d9-ddb5-4fa4-a97d-d965ccfc6d4b" outcome="Passed" testListId="8c84fa94-04c1-424b-9868-57a2d4851a1d">
      <Output>
      </Output>
    </UnitTestResult>
    <UnitTestResult executionId="fa9d1219-96c0-432b-966b-6fa7eae21b05" testId="49e51016-0746-4d07-091e-7b34e831a581" testName="RegisterPostRedirectsHomeIfRegistrationSuccessful" computerName="DEVSERVERJOOST" duration="00:00:00.0014943" startTime="2009-07-19T12:30:46.4522500+02:00" endTime="2009-07-19T12:30:46.4678750+02:00" testType="13cdc9d9-ddb5-4fa4-a97d-d965ccfc6d4b" outcome="Passed" testListId="8c84fa94-04c1-424b-9868-57a2d4851a1d">
      <Output>
      </Output>
    </UnitTestResult>
    <UnitTestResult executionId="7b989e93-0b87-44d4-a4cd-2cbd2f77c3e3" testId="4a78e191-f633-e591-0b49-d70a6e808c66" testName="SqlCategoryRepositoryAddNewCategoryWithNameCoding" computerName="DEVSERVERJOOST" duration="00:00:00.0064295" startTime="2009-07-19T12:30:46.4678750+02:00" endTime="2009-07-19T12:30:46.4835000+02:00" testType="13cdc9d9-ddb5-4fa4-a97d-d965ccfc6d4b" outcome="Passed" testListId="8c84fa94-04c1-424b-9868-57a2d4851a1d">
      <Output>
      </Output>
    </UnitTestResult>
    <TestResultAggregation executionId="5dc9248d-6b82-4653-a73e-d6d6e6b78ce5" testId="54597ad9-2fdc-4be0-94dc-44d1f37511f4" testName="Category" computerName="DEVSERVERJOOST" duration="00:00:00.1281626" startTime="2009-07-19T12:30:46.5147500+02:00" endTime="2009-07-19T12:30:46.7022500+02:00" testType="ec4800e8-40e5-4ab3-8510-b8bf29b1904d" outcome="Failed" testListId="8c84fa94-04c1-424b-9868-57a2d4851a1d">
      <Counters error="0" failed="1" timeout="0" aborted="0" inconclusive="0" passedButRunAborted="0" notRunnable="0" notExecuted="6" disconnected="0" warning="0" passed="4" completed="0" inProgress="0" pending="0" />
      <InnerResults>
        <UnitTestResult executionId="87e47fe5-92ce-4a9c-be14-1deefbbe1d5d" parentExecutionId="5dc9248d-6b82-4653-a73e-d6d6e6b78ce5" testId="d251235d-3f9a-02dd-b058-93859f63f687" testName="CategoryFruitsShouldReturnFiveProducts" computerName="DEVSERVERJOOST" duration="00:00:00.0170566" startTime="2009-07-19T12:30:46.5772500+02:00" endTime="2009-07-19T12:30:46.6085000+02:00" testType="13cdc9d9-ddb5-4fa4-a97d-d965ccfc6d4b" outcome="Passed" testListId="8c84fa94-04c1-424b-9868-57a2d4851a1d">
          <Output>
          </Output>
        </UnitTestResult>
        <UnitTestResult executionId="d94a9fda-9757-4483-9324-c45a2bcf37ed" parentExecutionId="5dc9248d-6b82-4653-a73e-d6d6e6b78ce5" testId="3b352e0d-4fd7-d071-a055-c45c5efa12fe" testName="CategoryServiceShouldReturnCategoryFruits" computerName="DEVSERVERJOOST" duration="00:00:00.0063527" startTime="2009-07-19T12:30:46.6085000+02:00" endTime="2009-07-19T12:30:46.6397500+02:00" testType="13cdc9d9-ddb5-4fa4-a97d-d965ccfc6d4b" outcome="Passed" testListId="8c84fa94-04c1-424b-9868-57a2d4851a1d">
          <Output>
          </Output>
        </UnitTestResult>
        <UnitTestResult executionId="79477f36-7c2f-48d2-b099-ccd0219378bf" parentExecutionId="5dc9248d-6b82-4653-a73e-d6d6e6b78ce5" testId="9760d0ce-fa54-5ecd-9a14-9a259f5f5ce4" testName="CategoryServiceShouldReturnCategoryOneWithNameFruits" computerName="DEVSERVERJOOST" duration="00:00:00.0082136" startTime="2009-07-19T12:30:46.6397500+02:00" endTime="2009-07-19T12:30:46.6553750+02:00" testType="13cdc9d9-ddb5-4fa4-a97d-d965ccfc6d4b" outcome="Passed" testListId="8c84fa94-04c1-424b-9868-57a2d4851a1d">
          <Output>
          </Output>
        </UnitTestResult>
        <UnitTestResult executionId="77823204-045f-4de0-985d-b4e05a714a5a" parentExecutionId="5dc9248d-6b82-4653-a73e-d6d6e6b78ce5" testId="e78564fb-ad67-794b-9f2f-8919b5b0c716" testName="CategoryServiceShouldReturnTwoCategories" computerName="DEVSERVERJOOST" duration="00:00:00.0048092" startTime="2009-07-19T12:30:46.6553750+02:00" endTime="2009-07-19T12:30:46.6710000+02:00" testType="13cdc9d9-ddb5-4fa4-a97d-d965ccfc6d4b" outcome="Passed" testListId="8c84fa94-04c1-424b-9868-57a2d4851a1d">
          <Output>
          </Output>
        </UnitTestResult>
        <UnitTestResult executionId="5d454f96-382b-4e7a-b650-ae453b000cf5" parentExecutionId="5dc9248d-6b82-4653-a73e-d6d6e6b78ce5" testId="229b5f71-1814-2275-1196-c301c12dee14" testName="SqlCategoryReposistoryShoulReturnThreeCategories" computerName="DEVSERVERJOOST" duration="00:00:00.0051185" startTime="2009-07-19T12:30:46.6866250+02:00" endTime="2009-07-19T12:30:46.7022500+02:00" testType="13cdc9d9-ddb5-4fa4-a97d-d965ccfc6d4b" outcome="Failed" testListId="8c84fa94-04c1-424b-9868-57a2d4851a1d">
          <Output>
            <ErrorInfo>
              <Message>Assert.AreEqual failed. Expected:&lt;2&gt;. Actual:&lt;3&gt;. </Message>
              <StackTrace>   at CS.IntegrationTests.SqlCategoryRepositoryTest.SqlCategoryReposistoryShoulReturnThreeCategories() in C:\Documents and Settings\jverdaasdonk\My Documents\Visual Studio 2008\Projects\MVC.Web\MVC.IntegrationTests\SqlCategoryRepositoryTest.cs:line 24
</StackTrace>
            </ErrorInfo>
          </Output>
        </UnitTestResult>
        <TestResult executionId="757f1258-2af6-4ced-9eb2-2503503a256a" parentExecutionId="5dc9248d-6b82-4653-a73e-d6d6e6b78ce5" testId="b261d57a-a0d4-2422-1b4e-7720fd67ae92" testName="SqlCategoryRepositoryShouldReturnCategoriesAsQueryable" computerName="DEVSERVERJOOST" duration="00:00:00" startTime="0001-01-01T01:00:00.0000000+01:00" endTime="0001-01-01T01:00:00.0000000+01:00" testType="13cdc9d9-ddb5-4fa4-a97d-d965ccfc6d4b" outcome="NotExecuted" testListId="8c84fa94-04c1-424b-9868-57a2d4851a1d" />
        <TestResult executionId="7e8b09fe-d8c8-400b-a6e1-55a30ce413f0" parentExecutionId="5dc9248d-6b82-4653-a73e-d6d6e6b78ce5" testId="ce2696e7-06d2-a9a6-86a0-8d39eab0b37a" testName="SqlCategoryRepositoryShouldReturnFiveProductsForCategoryOne" computerName="DEVSERVERJOOST" duration="00:00:00" startTime="0001-01-01T01:00:00.0000000+01:00" endTime="0001-01-01T01:00:00.0000000+01:00" testType="13cdc9d9-ddb5-4fa4-a97d-d965ccfc6d4b" outcome="NotExecuted" testListId="8c84fa94-04c1-424b-9868-57a2d4851a1d" />
        <TestResult executionId="1744d811-598e-4d43-a7d4-a7aefdcc3b56" parentExecutionId="5dc9248d-6b82-4653-a73e-d6d6e6b78ce5" testId="4a78e191-f633-e591-0b49-d70a6e808c66" testName="SqlCategoryRepositoryAddNewCategoryWithNameCoding" computerName="DEVSERVERJOOST" duration="00:00:00" startTime="0001-01-01T01:00:00.0000000+01:00" endTime="0001-01-01T01:00:00.0000000+01:00" testType="13cdc9d9-ddb5-4fa4-a97d-d965ccfc6d4b" outcome="NotExecuted" testListId="8c84fa94-04c1-424b-9868-57a2d4851a1d" />
        <TestResult executionId="0add6e5e-abda-4951-9a25-e779519c9418" parentExecutionId="5dc9248d-6b82-4653-a73e-d6d6e6b78ce5" testId="fde40969-348d-88b5-11bb-a059e4f6d432" testName="SqlCategoryRepositoryDeleteNewCategoryWithNameCoding" computerName="DEVSERVERJOOST" duration="00:00:00" startTime="0001-01-01T01:00:00.0000000+01:00" endTime="0001-01-01T01:00:00.0000000+01:00" testType="13cdc9d9-ddb5-4fa4-a97d-d965ccfc6d4b" outcome="NotExecuted" testListId="8c84fa94-04c1-424b-9868-57a2d4851a1d" />
        <TestResult executionId="5f072f48-ec50-4a38-b3f4-e9e171f6e9c3" parentExecutionId="5dc9248d-6b82-4653-a73e-d6d6e6b78ce5" testId="f1a7b245-9cb6-857c-99d2-1a0550f76361" testName="CategoryServiceAddCategoryWithNameServiceTest" computerName="DEVSERVERJOOST" duration="00:00:00" startTime="0001-01-01T01:00:00.0000000+01:00" endTime="0001-01-01T01:00:00.0000000+01:00" testType="13cdc9d9-ddb5-4fa4-a97d-d965ccfc6d4b" outcome="NotExecuted" testListId="8c84fa94-04c1-424b-9868-57a2d4851a1d" />
        <TestResult executionId="07e11e56-f996-4ae2-83ba-41c46defcb99" parentExecutionId="5dc9248d-6b82-4653-a73e-d6d6e6b78ce5" testId="3b0824dc-1a26-39d5-191c-c876715c95bc" testName="CategoryServiceDeleteCategoryWithNameServiceTest" computerName="DEVSERVERJOOST" duration="00:00:00" startTime="0001-01-01T01:00:00.0000000+01:00" endTime="0001-01-01T01:00:00.0000000+01:00" testType="13cdc9d9-ddb5-4fa4-a97d-d965ccfc6d4b" outcome="NotExecuted" testListId="8c84fa94-04c1-424b-9868-57a2d4851a1d" />
      </InnerResults>
    </TestResultAggregation>
    <UnitTestResult executionId="1b086bd9-02f2-4f06-a9c1-48dac3fa16b4" testId="5c102f9f-5399-5215-94be-e6e2ea4473f4" testName="ProductsRepositoryShouldReturn5Products" computerName="DEVSERVERJOOST" duration="00:00:00.0050662" startTime="2009-07-19T12:30:46.7335000+02:00" endTime="2009-07-19T12:30:46.7491250+02:00" testType="13cdc9d9-ddb5-4fa4-a97d-d965ccfc6d4b" outcome="Passed" testListId="8c84fa94-04c1-424b-9868-57a2d4851a1d">
      <Output>
      </Output>
    </UnitTestResult>
    <UnitTestResult executionId="4a5713f3-2dea-4d1a-8f6c-d3a1576cf286" testId="5f22b840-4d2e-d46b-3163-aae92730969b" testName="Index" computerName="DEVSERVERJOOST" duration="00:00:00.0009950" startTime="2009-07-19T12:30:46.7491250+02:00" endTime="2009-07-19T12:30:46.7491250+02:00" testType="13cdc9d9-ddb5-4fa4-a97d-d965ccfc6d4b" outcome="Passed" testListId="8c84fa94-04c1-424b-9868-57a2d4851a1d">
      <Output>
      </Output>
    </UnitTestResult>
    <UnitTestResult executionId="4f42c5d9-a7d6-4a16-8792-ef374d5258ac" testId="686c3588-062c-1710-87d4-74aa63e45649" testName="RegisterPostReturnsViewIfEmailNotSpecified" computerName="DEVSERVERJOOST" duration="00:00:00.0007394" startTime="2009-07-19T12:30:46.7491250+02:00" endTime="2009-07-19T12:30:46.7647500+02:00" testType="13cdc9d9-ddb5-4fa4-a97d-d965ccfc6d4b" outcome="Passed" testListId="8c84fa94-04c1-424b-9868-57a2d4851a1d">
      <Output>
      </Output>
    </UnitTestResult>
    <UnitTestResult executionId="784b0eac-ad96-4281-9853-20e476b3cd4a" testId="73ddf029-113d-8939-b5cf-eee4a6eb0db0" testName="LoginPostRedirectsToReturnUrlIfLoginSuccessfulAndReturnUrlGiven" computerName="DEVSERVERJOOST" duration="00:00:00.0004550" startTime="2009-07-19T12:30:46.7647500+02:00" endTime="2009-07-19T12:30:46.7647500+02:00" testType="13cdc9d9-ddb5-4fa4-a97d-d965ccfc6d4b" outcome="Passed" testListId="8c84fa94-04c1-424b-9868-57a2d4851a1d">
      <Output>
      </Output>
    </UnitTestResult>
    <UnitTestResult executionId="20b8ccc7-8839-43ca-ba82-1e73898a0ef2" testId="752db495-9d53-cd00-c7cc-acf5099953b4" testName="ChangePasswordSuccess" computerName="DEVSERVERJOOST" duration="00:00:00.0006584" startTime="2009-07-19T12:30:46.7803750+02:00" endTime="2009-07-19T12:30:46.7803750+02:00" testType="13cdc9d9-ddb5-4fa4-a97d-d965ccfc6d4b" outcome="Passed" testListId="8c84fa94-04c1-424b-9868-57a2d4851a1d">
      <Output>
      </Output>
    </UnitTestResult>
    <UnitTestResult executionId="6fd1f4fe-ee98-43f9-9062-af5c9ba3f12f" testId="770881f6-03a7-b60d-0ee2-ab528c08c86f" testName="LoginPostReturnsViewIfUsernameNotSpecified" computerName="DEVSERVERJOOST" duration="00:00:00.0007554" startTime="2009-07-19T12:30:46.7803750+02:00" endTime="2009-07-19T12:30:46.7960000+02:00" testType="13cdc9d9-ddb5-4fa4-a97d-d965ccfc6d4b" outcome="Passed" testListId="8c84fa94-04c1-424b-9868-57a2d4851a1d">
      <Output>
      </Output>
    </UnitTestResult>
    <UnitTestResult executionId="56bdac28-97cc-40d6-a7d8-413bfeb3d321" testId="7bcd167c-f57b-1967-dede-42dd8e2dc771" testName="About" computerName="DEVSERVERJOOST" duration="00:00:00.0005123" startTime="2009-07-19T12:30:46.7960000+02:00" endTime="2009-07-19T12:30:46.7960000+02:00" testType="13cdc9d9-ddb5-4fa4-a97d-d965ccfc6d4b" outcome="Passed" testListId="8c84fa94-04c1-424b-9868-57a2d4851a1d">
      <Output>
      </Output>
    </UnitTestResult>
    <UnitTestResult executionId="1cd5250b-215b-476e-8797-06cf3593c4b0" testId="7e8f3518-2c69-d265-2185-15a0c1f014f0" testName="LoginGet" computerName="DEVSERVERJOOST" duration="00:00:00.0004799" startTime="2009-07-19T12:30:46.8116250+02:00" endTime="2009-07-19T12:30:46.8116250+02:00" testType="13cdc9d9-ddb5-4fa4-a97d-d965ccfc6d4b" outcome="Passed" testListId="8c84fa94-04c1-424b-9868-57a2d4851a1d">
      <Output>
      </Output>
    </UnitTestResult>
    <UnitTestResult executionId="fcf918a2-b835-4d35-81f0-3c1a9a7dcae2" testId="8442f306-8128-3412-971c-70892b51e194" testName="ChangePasswordPostReturnsViewIfNewPasswordDoesNotMatchConfirmPassword" computerName="DEVSERVERJOOST" duration="00:00:00.0022804" startTime="2009-07-19T12:30:46.8116250+02:00" endTime="2009-07-19T12:30:46.8272500+02:00" testType="13cdc9d9-ddb5-4fa4-a97d-d965ccfc6d4b" outcome="Passed" testListId="8c84fa94-04c1-424b-9868-57a2d4851a1d">
      <Output>
      </Output>
    </UnitTestResult>
    <UnitTestResult executionId="21e47851-7e2c-4c6a-9dc4-49a5295b92ac" testId="8629383e-befa-3ebd-b68d-effc71224f6b" testName="ProductServiceShouldReturnProductOneWithNameAppels" computerName="DEVSERVERJOOST" duration="00:00:00.0097431" startTime="2009-07-19T12:30:46.8272500+02:00" endTime="2009-07-19T12:30:46.8428750+02:00" testType="13cdc9d9-ddb5-4fa4-a97d-d965ccfc6d4b" outcome="Passed" testListId="8c84fa94-04c1-424b-9868-57a2d4851a1d">
      <Output>
      </Output>
    </UnitTestResult>
    <UnitTestResult executionId="99a8b11c-a337-49a2-a823-551a6013bb39" testId="87db12f3-5de5-5a71-dee8-3a2677593064" testName="LogOff" computerName="DEVSERVERJOOST" duration="00:00:00.0007115" startTime="2009-07-19T12:30:46.8585000+02:00" endTime="2009-07-19T12:30:46.8585000+02:00" testType="13cdc9d9-ddb5-4fa4-a97d-d965ccfc6d4b" outcome="Passed" testListId="8c84fa94-04c1-424b-9868-57a2d4851a1d">
      <Output>
      </Output>
    </UnitTestResult>
    <UnitTestResult executionId="ec82975d-ccc3-43c5-bf97-0e11b7eddaec" testId="9760d0ce-fa54-5ecd-9a14-9a259f5f5ce4" testName="CategoryServiceShouldReturnCategoryOneWithNameFruits" computerName="DEVSERVERJOOST" duration="00:00:00.0061857" startTime="2009-07-19T12:30:46.8585000+02:00" endTime="2009-07-19T12:30:46.8741250+02:00" testType="13cdc9d9-ddb5-4fa4-a97d-d965ccfc6d4b" outcome="Passed" testListId="8c84fa94-04c1-424b-9868-57a2d4851a1d">
      <Output>
      </Output>
    </UnitTestResult>
    <UnitTestResult executionId="9f5b2ddd-6cb7-4141-b2dd-0143ccfdf603" testId="978291a2-173c-b150-f20a-86004ddc209c" testName="RegisterPostReturnsViewIfRegistrationFails" computerName="DEVSERVERJOOST" duration="00:00:00.0009523" startTime="2009-07-19T12:30:46.8741250+02:00" endTime="2009-07-19T12:30:46.8897500+02:00" testType="13cdc9d9-ddb5-4fa4-a97d-d965ccfc6d4b" outcome="Passed" testListId="8c84fa94-04c1-424b-9868-57a2d4851a1d">
      <Output>
      </Output>
    </UnitTestResult>
    <UnitTestResult executionId="7e6e2157-eddf-411b-9224-353e367b7e7b" testId="9e02600f-4a4e-a1af-3421-fefe541bd7bc" testName="ConstructorSetsProperties" computerName="DEVSERVERJOOST" duration="00:00:00.0133994" startTime="2009-07-19T12:30:46.8897500+02:00" endTime="2009-07-19T12:30:46.9053750+02:00" testType="13cdc9d9-ddb5-4fa4-a97d-d965ccfc6d4b" outcome="Passed" testListId="8c84fa94-04c1-424b-9868-57a2d4851a1d">
      <Output>
      </Output>
    </UnitTestResult>
    <UnitTestResult executionId="8ff1b613-b587-42e3-b2d9-0fbef7e2e7b2" testId="a1d9f1c3-e42e-58fb-9f8b-20b6ab4af88b" testName="RegisterPostReturnsViewIfPasswordIsNull" computerName="DEVSERVERJOOST" duration="00:00:00.0008017" startTime="2009-07-19T12:30:46.9053750+02:00" endTime="2009-07-19T12:30:46.9210000+02:00" testType="13cdc9d9-ddb5-4fa4-a97d-d965ccfc6d4b" outcome="Passed" testListId="8c84fa94-04c1-424b-9868-57a2d4851a1d">
      <Output>
      </Output>
    </UnitTestResult>
    <UnitTestResult executionId="99068561-a1eb-436b-9c31-ac41ccae5604" testId="a7f4f3f7-2e5b-f27f-9d03-1518b0eacc28" testName="SqlProductRepositoryProductCountShouldReturn6" computerName="DEVSERVERJOOST" duration="00:00:00.0054233" startTime="2009-07-19T12:30:46.9210000+02:00" endTime="2009-07-19T12:30:46.9366250+02:00" testType="13cdc9d9-ddb5-4fa4-a97d-d965ccfc6d4b" outcome="Passed" testListId="8c84fa94-04c1-424b-9868-57a2d4851a1d">
      <Output>
      </Output>
    </UnitTestResult>
    <UnitTestResult executionId="89b949c7-ccaa-4a99-8ae3-a1b0ebbcd869" testId="aefea2e9-42a9-60da-48b9-ea371ae55f07" testName="ConstructorSetsPropertiesToDefaultValues" computerName="DEVSERVERJOOST" duration="00:00:00.0005768" startTime="2009-07-19T12:30:46.9366250+02:00" endTime="2009-07-19T12:30:46.9366250+02:00" testType="13cdc9d9-ddb5-4fa4-a97d-d965ccfc6d4b" outcome="Passed" testListId="8c84fa94-04c1-424b-9868-57a2d4851a1d">
      <Output>
      </Output>
    </UnitTestResult>
    <UnitTestResult executionId="c4afa23a-51e9-4643-a391-c67edaafc015" testId="b261d57a-a0d4-2422-1b4e-7720fd67ae92" testName="SqlCategoryRepositoryShouldReturnCategoriesAsQueryable" computerName="DEVSERVERJOOST" duration="00:00:00.0006489" startTime="2009-07-19T12:30:46.9522500+02:00" endTime="2009-07-19T12:30:46.9522500+02:00" testType="13cdc9d9-ddb5-4fa4-a97d-d965ccfc6d4b" outcome="Passed" testListId="8c84fa94-04c1-424b-9868-57a2d4851a1d">
      <Output>
      </Output>
    </UnitTestResult>
    <UnitTestResult executionId="142b3616-8d47-42ff-828b-a6db174772f0" testId="b6156d45-7806-ab68-5902-77b694fff85c" testName="ChangePasswordPostReturnsViewIfNewPasswordIsNull" computerName="DEVSERVERJOOST" duration="00:00:00.0007836" startTime="2009-07-19T12:30:46.9522500+02:00" endTime="2009-07-19T12:30:46.9678750+02:00" testType="13cdc9d9-ddb5-4fa4-a97d-d965ccfc6d4b" outcome="Passed" testListId="8c84fa94-04c1-424b-9868-57a2d4851a1d">
      <Output>
      </Output>
    </UnitTestResult>
    <UnitTestResult executionId="ee167dbd-acca-4fe0-a2ff-467fcca0f66f" testId="b68423dd-e2ee-2ed7-dd16-e926c9bdcacb" testName="ChangePasswordPostReturnsViewIfProviderRejectsPassword" computerName="DEVSERVERJOOST" duration="00:00:00.0006671" startTime="2009-07-19T12:30:46.9678750+02:00" endTime="2009-07-19T12:30:46.9678750+02:00" testType="13cdc9d9-ddb5-4fa4-a97d-d965ccfc6d4b" outcome="Passed" testListId="8c84fa94-04c1-424b-9868-57a2d4851a1d">
      <Output>
      </Output>
    </UnitTestResult>
    <UnitTestResult executionId="83e243f6-ed8e-451d-a2ab-9fb1275e12c4" testId="c0f3e042-0eb5-97fb-c206-2f0b0fcb4c30" testName="ChangePasswordPostReturnsViewIfCurrentPasswordNotSpecified" computerName="DEVSERVERJOOST" duration="00:00:00.0007020" startTime="2009-07-19T12:30:46.9678750+02:00" endTime="2009-07-19T12:30:46.9835000+02:00" testType="13cdc9d9-ddb5-4fa4-a97d-d965ccfc6d4b" outcome="Passed" testListId="8c84fa94-04c1-424b-9868-57a2d4851a1d">
      <Output>
      </Output>
    </UnitTestResult>
    <UnitTestResult executionId="a19aa09f-70c1-4982-8e5a-4d3586efc319" testId="cdbd5838-b26b-cb3f-8a29-64dcc50f7dcd" testName="LoginPostReturnsViewIfPasswordNotSpecified" computerName="DEVSERVERJOOST" duration="00:00:00.0006263" startTime="2009-07-19T12:30:46.9835000+02:00" endTime="2009-07-19T12:30:46.9991250+02:00" testType="13cdc9d9-ddb5-4fa4-a97d-d965ccfc6d4b" outcome="Passed" testListId="8c84fa94-04c1-424b-9868-57a2d4851a1d">
      <Output>
      </Output>
    </UnitTestResult>
    <UnitTestResult executionId="67ca02b4-e4a0-4526-ba52-0701f66ef06f" testId="ce2696e7-06d2-a9a6-86a0-8d39eab0b37a" testName="SqlCategoryRepositoryShouldReturnFiveProductsForCategoryOne" computerName="DEVSERVERJOOST" duration="00:00:00.0006905" startTime="2009-07-19T12:30:46.9991250+02:00" endTime="2009-07-19T12:30:47.0147500+02:00" testType="13cdc9d9-ddb5-4fa4-a97d-d965ccfc6d4b" outcome="Passed" testListId="8c84fa94-04c1-424b-9868-57a2d4851a1d">
      <Output>
      </Output>
    </UnitTestResult>
    <UnitTestResult executionId="06ec9bd2-2e6c-464a-9e50-280435066f58" testId="d251235d-3f9a-02dd-b058-93859f63f687" testName="CategoryFruitsShouldReturnFiveProducts" computerName="DEVSERVERJOOST" duration="00:00:00.0128477" startTime="2009-07-19T12:30:47.0147500+02:00" endTime="2009-07-19T12:30:47.0303750+02:00" testType="13cdc9d9-ddb5-4fa4-a97d-d965ccfc6d4b" outcome="Passed" testListId="8c84fa94-04c1-424b-9868-57a2d4851a1d">
      <Output>
      </Output>
    </UnitTestResult>
    <UnitTestResult executionId="aad24947-c6d5-4f75-ac2e-7ade59996f78" testId="d6f8995f-62af-6c1c-217a-ec8c4a792499" testName="SqlProductRepositoryProductOneShouldHaveNameAppels" computerName="DEVSERVERJOOST" duration="00:00:00.0078211" startTime="2009-07-19T12:30:47.0303750+02:00" endTime="2009-07-19T12:30:47.0460000+02:00" testType="13cdc9d9-ddb5-4fa4-a97d-d965ccfc6d4b" outcome="Passed" testListId="8c84fa94-04c1-424b-9868-57a2d4851a1d">
      <Output>
      </Output>
    </UnitTestResult>
    <UnitTestResult executionId="ab6496bf-0f26-4d6a-84c2-737c6b5b9a0e" testId="e68d1464-fcf8-7402-6098-3a2400796d66" testName="ProductServiceShouldReturnSixProducts" computerName="DEVSERVERJOOST" duration="00:00:00.0067902" startTime="2009-07-19T12:30:47.0460000+02:00" endTime="2009-07-19T12:30:47.0616250+02:00" testType="13cdc9d9-ddb5-4fa4-a97d-d965ccfc6d4b" outcome="Passed" testListId="8c84fa94-04c1-424b-9868-57a2d4851a1d">
      <Output>
      </Output>
    </UnitTestResult>
    <UnitTestResult executionId="fdb1f2b4-d3cd-4899-b3e4-7a12c244e73f" testId="e78564fb-ad67-794b-9f2f-8919b5b0c716" testName="CategoryServiceShouldReturnTwoCategories" computerName="DEVSERVERJOOST" duration="00:00:00.0047874" startTime="2009-07-19T12:30:47.0772500+02:00" endTime="2009-07-19T12:30:47.0772500+02:00" testType="13cdc9d9-ddb5-4fa4-a97d-d965ccfc6d4b" outcome="Passed" testListId="8c84fa94-04c1-424b-9868-57a2d4851a1d">
      <Output>
      </Output>
    </UnitTestResult>
    <UnitTestResult executionId="de90ffe2-7dc8-4103-a238-a0a40b673aa7" testId="ecb0caf6-3940-82fe-7f2b-867dcf756056" testName="ProductServiceShouldReturnProductAppels" computerName="DEVSERVERJOOST" duration="00:00:00.0083616" startTime="2009-07-19T12:30:47.0928750+02:00" endTime="2009-07-19T12:30:47.1085000+02:00" testType="13cdc9d9-ddb5-4fa4-a97d-d965ccfc6d4b" outcome="Passed" testListId="8c84fa94-04c1-424b-9868-57a2d4851a1d">
      <Output>
      </Output>
    </UnitTestResult>
    <UnitTestResult executionId="db076426-7dd9-4570-baf6-ee9b7fd89f51" testId="f1a7b245-9cb6-857c-99d2-1a0550f76361" testName="CategoryServiceAddCategoryWithNameServiceTest" computerName="DEVSERVERJOOST" duration="00:00:00.0074640" startTime="2009-07-19T12:30:47.1085000+02:00" endTime="2009-07-19T12:30:47.1241250+02:00" testType="13cdc9d9-ddb5-4fa4-a97d-d965ccfc6d4b" outcome="Passed" testListId="8c84fa94-04c1-424b-9868-57a2d4851a1d">
      <Output>
      </Output>
    </UnitTestResult>
    <UnitTestResult executionId="73b52dde-dcb8-4f16-9e81-475b673c904e" testId="f1c4ebfa-6279-38d3-2bfe-ed606d6a2b2a" testName="LoginPostReturnsViewIfUsernameOrPasswordIsIncorrect" computerName="DEVSERVERJOOST" duration="00:00:00.0008118" startTime="2009-07-19T12:30:47.1241250+02:00" endTime="2009-07-19T12:30:47.1241250+02:00" testType="13cdc9d9-ddb5-4fa4-a97d-d965ccfc6d4b" outcome="Passed" testListId="8c84fa94-04c1-424b-9868-57a2d4851a1d">
      <Output>
      </Output>
    </UnitTestResult>
    <UnitTestResult executionId="4ebdd2bd-d927-4faf-aaa8-cb7cb529de44" testId="f946bf02-7dc1-b70a-698b-9f928e1c378b" testName="RegisterPostReturnsViewIfUsernameNotSpecified" computerName="DEVSERVERJOOST" duration="00:00:00.0008140" startTime="2009-07-19T12:30:47.1241250+02:00" endTime="2009-07-19T12:30:47.1397500+02:00" testType="13cdc9d9-ddb5-4fa4-a97d-d965ccfc6d4b" outcome="Passed" testListId="8c84fa94-04c1-424b-9868-57a2d4851a1d">
      <Output>
      </Output>
    </UnitTestResult>
    <UnitTestResult executionId="6a37d5a6-8f26-4379-9d71-a36a25e14647" testId="fde40969-348d-88b5-11bb-a059e4f6d432" testName="SqlCategoryRepositoryDeleteNewCategoryWithNameCoding" computerName="DEVSERVERJOOST" duration="00:00:00.0160989" startTime="2009-07-19T12:30:47.1397500+02:00" endTime="2009-07-19T12:30:47.1710000+02:00" testType="13cdc9d9-ddb5-4fa4-a97d-d965ccfc6d4b" outcome="Passed" testListId="8c84fa94-04c1-424b-9868-57a2d4851a1d">
      <Output>
      </Output>
    </UnitTestResult>
  </Results>
</TestRun>